Your shell is now configured to build the CosmoSIS standard library
[1784608711.348405] [xover-0004:2215780:0]       tag_match.c:62   UCX  WARN  unexpected tag-receive descriptor 0x555556c0ebc0 was not matched
[1784608711.348595] [xover-0004:2215792:0]       tag_match.c:62   UCX  WARN  unexpected tag-receive descriptor 0x555556c0ef80 was not matched
[1784608711.349433] [xover-0006:2998431:0]       tag_match.c:62   UCX  WARN  unexpected tag-receive descriptor 0x15551bdfcbd2 was not matched
[1784608711.349648] [xover-0006:2998429:0]       tag_match.c:62   UCX  WARN  unexpected tag-receive descriptor 0x15551bdfcbd2 was not matched
[1784608711.349651] [xover-0005:3107607:0]       tag_match.c:62   UCX  WARN  unexpected tag-receive descriptor 0x15551bdfcbd2 was not matched
[1784608711.349820] [xover-0005:3107606:0]       tag_match.c:62   UCX  WARN  unexpected tag-receive descriptor 0x15551bdfcbd2 was not matched
[1784608711.349948] [xover-0005:3107556:0]       tag_match.c:62   UCX  WARN  unexpected tag-receive descriptor 0x15551bdfcbd2 was not matched
[1784608711.350065] [xover-0006:2998439:0]       tag_match.c:62   UCX  WARN  unexpected tag-receive descriptor 0x15551bdfcbd2 was not matched
[1784608711.350160] [xover-0006:2998449:0]       tag_match.c:62   UCX  WARN  unexpected tag-receive descriptor 0x15551bdfcbd2 was not matched
[1784608711.350169] [xover-0006:2998456:0]       tag_match.c:62   UCX  WARN  unexpected tag-receive descriptor 0x15551bdfcbd2 was not matched
[1784608711.350385] [xover-0004:2215763:0]       tag_match.c:62   UCX  WARN  unexpected tag-receive descriptor 0x555556c0ed80 was not matched
[1784608711.350208] [xover-0006:2998415:0]       tag_match.c:62   UCX  WARN  unexpected tag-receive descriptor 0x15551bdfcbd2 was not matched
[1784608711.350239] [xover-0005:3107554:0]       tag_match.c:62   UCX  WARN  unexpected tag-receive descriptor 0x15551bdfcbd2 was not matched
[1784608711.350252] [xover-0005:3107600:0]       tag_match.c:62   UCX  WARN  unexpected tag-receive descriptor 0x15551bdfcbd2 was not matched
[1784608711.350449] [xover-0006:2998448:0]       tag_match.c:62   UCX  WARN  unexpected tag-receive descriptor 0x15551bdfcbd2 was not matched
[1784608711.350680] [xover-0005:3107598:0]       tag_match.c:62   UCX  WARN  unexpected tag-receive descriptor 0x15551bdfcbd2 was not matched
[1784608711.350856] [xover-0004:2215801:0]       tag_match.c:62   UCX  WARN  unexpected tag-receive descriptor 0x555556c0fe80 was not matched
[1784608711.350753] [xover-0006:2998445:0]       tag_match.c:62   UCX  WARN  unexpected tag-receive descriptor 0x15551bdfcbd2 was not matched
[1784608711.350935] [xover-0004:2215785:0]       tag_match.c:62   UCX  WARN  unexpected tag-receive descriptor 0x555556c0e000 was not matched
[1784608711.350874] [xover-0006:2998453:0]       tag_match.c:62   UCX  WARN  unexpected tag-receive descriptor 0x15551bdfcbd2 was not matched
[1784608711.351139] [xover-0004:2215816:0]       tag_match.c:62   UCX  WARN  unexpected tag-receive descriptor 0x5555569320c0 was not matched
[1784608711.351020] [xover-0005:3107548:0]       tag_match.c:62   UCX  WARN  unexpected tag-receive descriptor 0x15551bdfcbd2 was not matched
[1784608711.351116] [xover-0006:2998411:0]       tag_match.c:62   UCX  WARN  unexpected tag-receive descriptor 0x15551bdfcbd2 was not matched
[1784608711.351162] [xover-0005:3107547:0]       tag_match.c:62   UCX  WARN  unexpected tag-receive descriptor 0x15551bdfcbd2 was not matched
[1784608711.351384] [xover-0004:2215786:0]       tag_match.c:62   UCX  WARN  unexpected tag-receive descriptor 0x555556c0f640 was not matched
[1784608711.351399] [xover-0004:2215764:0]       tag_match.c:62   UCX  WARN  unexpected tag-receive descriptor 0x5555569315c0 was not matched
[1784608711.351251] [xover-0005:3107575:0]       tag_match.c:62   UCX  WARN  unexpected tag-receive descriptor 0x15551bdfcbd2 was not matched
[1784608711.351250] [xover-0005:3107580:0]       tag_match.c:62   UCX  WARN  unexpected tag-receive descriptor 0x15551bdfcbd2 was not matched
[1784608711.351513] [xover-0006:2998417:0]       tag_match.c:62   UCX  WARN  unexpected tag-receive descriptor 0x15551bdfcbd2 was not matched
[1784608711.351317] [xover-0005:3107571:0]       tag_match.c:62   UCX  WARN  unexpected tag-receive descriptor 0x15551bdfcbd2 was not matched
[1784608711.351483] [xover-0006:2998425:0]       tag_match.c:62   UCX  WARN  unexpected tag-receive descriptor 0x15551bdfcbd2 was not matched
[1784608711.352976] [xover-0004:2215771:0]       tag_match.c:62   UCX  WARN  unexpected tag-receive descriptor 0x555556931280 was not matched
[1784608711.352976] [xover-0004:2215772:0]       tag_match.c:62   UCX  WARN  unexpected tag-receive descriptor 0x555556c0ea80 was not matched
[1784608711.353291] [xover-0004:2215776:0]       tag_match.c:62   UCX  WARN  unexpected tag-receive descriptor 0x555556930b40 was not matched
[1784608711.352919] [xover-0004:2215778:0]       tag_match.c:62   UCX  WARN  unexpected tag-receive descriptor 0x555556c0fb00 was not matched
[1784608711.352841] [xover-0004:2215777:0]       tag_match.c:62   UCX  WARN  unexpected tag-receive descriptor 0x555556c10000 was not matched
[1784608711.352037] [xover-0004:2215779:0]       tag_match.c:62   UCX  WARN  unexpected tag-receive descriptor 0x5555569308c0 was not matched
[1784608711.351978] [xover-0004:2215783:0]       tag_match.c:62   UCX  WARN  unexpected tag-receive descriptor 0x55555692f240 was not matched
[1784608711.352898] [xover-0004:2215787:0]       tag_match.c:62   UCX  WARN  unexpected tag-receive descriptor 0x555556c0f140 was not matched
[1784608711.353116] [xover-0004:2215796:0]       tag_match.c:62   UCX  WARN  unexpected tag-receive descriptor 0x555556c0f640 was not matched
[1784608711.352351] [xover-0004:2215794:0]       tag_match.c:62   UCX  WARN  unexpected tag-receive descriptor 0x555556c0ee00 was not matched
[1784608711.352440] [xover-0004:2215795:0]       tag_match.c:62   UCX  WARN  unexpected tag-receive descriptor 0x555556c0f500 was not matched
[1784608711.352748] [xover-0004:2215800:0]       tag_match.c:62   UCX  WARN  unexpected tag-receive descriptor 0x555556931d00 was not matched
[1784608711.352238] [xover-0004:2215803:0]       tag_match.c:62   UCX  WARN  unexpected tag-receive descriptor 0x555556931040 was not matched
[1784608711.352936] [xover-0004:2215804:0]       tag_match.c:62   UCX  WARN  unexpected tag-receive descriptor 0x555556930940 was not matched
[1784608711.352201] [xover-0004:2215810:0]       tag_match.c:62   UCX  WARN  unexpected tag-receive descriptor 0x555556c0eec0 was not matched
[1784608711.352963] [xover-0004:2215808:0]       tag_match.c:62   UCX  WARN  unexpected tag-receive descriptor 0x555556931740 was not matched
[1784608711.352669] [xover-0004:2215812:0]       tag_match.c:62   UCX  WARN  unexpected tag-receive descriptor 0x555556c0dec0 was not matched
[1784608711.352955] [xover-0004:2215818:0]       tag_match.c:62   UCX  WARN  unexpected tag-receive descriptor 0x555556930dc0 was not matched
[1784608711.352939] [xover-0004:2215820:0]       tag_match.c:62   UCX  WARN  unexpected tag-receive descriptor 0x555556931d00 was not matched
[1784608711.352468] [xover-0004:2215758:0]           mpool.c:54   UCX  WARN  object 0x555557751280 {{cpml|proto|cb} tag_send from host memory length 67 eager short dc_mlx5/mlx5_0:1 58.5 MB/s 1.09 us} was not returned to mpool ucp_requests
[1784608711.352492] [xover-0004:2215758:0]           mpool.c:54   UCX  WARN  object 0x555557751440 {{cpml|proto|cb} tag_send from host memory length 67 eager short dc_mlx5/mlx5_0:1 58.5 MB/s 1.09 us} was not returned to mpool ucp_requests
[1784608711.352500] [xover-0004:2215758:0]           mpool.c:54   UCX  WARN  object 0x555557751600 {{cpml|proto|cb} tag_send from host memory length 67 eager short dc_mlx5/mlx5_0:1 58.5 MB/s 1.09 us} was not returned to mpool ucp_requests
[1784608711.352509] [xover-0004:2215758:0]           mpool.c:54   UCX  WARN  object 0x5555577517c0 {{cpml|proto|cb} tag_send from host memory length 67 eager short dc_mlx5/mlx5_0:1 58.5 MB/s 1.09 us} was not returned to mpool ucp_requests
[1784608711.352518] [xover-0004:2215758:0]           mpool.c:54   UCX  WARN  object 0x555557751980 {{cpml|proto|cb} tag_send from host memory length 67 eager short dc_mlx5/mlx5_0:1 58.5 MB/s 1.09 us} was not returned to mpool ucp_requests
[1784608711.352526] [xover-0004:2215758:0]           mpool.c:54   UCX  WARN  object 0x555557751b40 {{cpml|proto|cb} tag_send from host memory length 67 eager short dc_mlx5/mlx5_0:1 58.5 MB/s 1.09 us} was not returned to mpool ucp_requests
[1784608711.352534] [xover-0004:2215758:0]           mpool.c:54   UCX  WARN  object 0x555557751d00 {{cpml|proto|cb} tag_send from host memory length 67 eager short dc_mlx5/mlx5_0:1 58.5 MB/s 1.09 us} was not returned to mpool ucp_requests
[1784608711.352542] [xover-0004:2215758:0]           mpool.c:54   UCX  WARN  object 0x555557751ec0 {{cpml|proto|cb} tag_send from host memory length 67 eager short dc_mlx5/mlx5_0:1 58.5 MB/s 1.09 us} was not returned to mpool ucp_requests
[1784608711.352550] [xover-0004:2215758:0]           mpool.c:54   UCX  WARN  object 0x555557752080 {{cpml|proto|cb} tag_send from host memory length 67 eager short dc_mlx5/mlx5_0:1 58.5 MB/s 1.09 us} was not returned to mpool ucp_requests
[1784608711.352559] [xover-0004:2215758:0]           mpool.c:54   UCX  WARN  object 0x555557752240 {{cpml|proto|cb} tag_send from host memory length 67 eager short dc_mlx5/mlx5_0:1 58.5 MB/s 1.09 us} was not returned to mpool ucp_requests
[1784608711.352567] [xover-0004:2215758:0]           mpool.c:54   UCX  WARN  object 0x555557752400 {{cpml|proto|cb} tag_send from host memory length 67 eager short dc_mlx5/mlx5_0:1 58.5 MB/s 1.09 us} was not returned to mpool ucp_requests
[1784608711.352575] [xover-0004:2215758:0]           mpool.c:54   UCX  WARN  object 0x5555577525c0 {{cpml|proto|cb} tag_send from host memory length 67 eager short dc_mlx5/mlx5_0:1 58.5 MB/s 1.09 us} was not returned to mpool ucp_requests
[1784608711.352583] [xover-0004:2215758:0]           mpool.c:54   UCX  WARN  object 0x555557752780 {{cpml|proto|cb} tag_send from host memory length 67 eager short dc_mlx5/mlx5_0:1 58.5 MB/s 1.09 us} was not returned to mpool ucp_requests
[1784608711.352592] [xover-0004:2215758:0]           mpool.c:54   UCX  WARN  object 0x555557752940 {{cpml|proto|cb} tag_send from host memory length 67 eager short dc_mlx5/mlx5_0:1 58.5 MB/s 1.09 us} was not returned to mpool ucp_requests
[1784608711.352600] [xover-0004:2215758:0]           mpool.c:54   UCX  WARN  object 0x555557752b00 {{cpml|proto|cb} tag_send from host memory length 67 eager short dc_mlx5/mlx5_0:1 58.5 MB/s 1.09 us} was not returned to mpool ucp_requests
[1784608711.352609] [xover-0004:2215758:0]           mpool.c:54   UCX  WARN  object 0x555557752cc0 {{cpml|proto|cb} tag_send from host memory length 67 eager short dc_mlx5/mlx5_0:1 58.5 MB/s 1.09 us} was not returned to mpool ucp_requests
[1784608711.352617] [xover-0004:2215758:0]           mpool.c:54   UCX  WARN  object 0x555557752e80 {{cpml|proto|cb} tag_send from host memory length 67 eager short dc_mlx5/mlx5_0:1 58.5 MB/s 1.09 us} was not returned to mpool ucp_requests
[1784608711.352625] [xover-0004:[1784608711.352476] [xover-0004:2215766:0]       tag_match.c:62   UCX  WARN  unexpected tag-receive descriptor 0x555556c0f200 was not matched
[1784608711.352668] [xover-0004:2215768:0]       tag_match.c:62   UCX  WARN  unexpected tag-receive descriptor 0x555556c0ecc0 was not matched
[1784608711.352785] [xover-0004:2215770:0]       tag_match.c:62   UCX  WARN  unexpected tag-receive descriptor 0x555556931700 was not matched
[1784608711.351357] [xover-0005:3107555:0]       tag_match.c:62   UCX  WARN  unexpected tag-receive descriptor 0x15551bdfcbd2 was not matched
[1784608711.351604] [xover-0006:2998409:0]       tag_match.c:62   UCX  WARN  unexpected tag-receive descriptor 0x15551bdfcbd2 was not matched
[1784608711.353391] [xover-0004:2215784:0]       tag_match.c:62   UCX  WARN  unexpected tag-receive descriptor 0x555556c0eac0 was not matched
[1784608711.353418] [xover-0004:2215788:0]       tag_match.c:62   UCX  WARN  unexpected tag-receive descriptor 0x555556930880 was not matched
[1784608711.353498] [xover-0004:2215811:0]       tag_match.c:62   UCX  WARN  unexpected tag-receive descriptor 0x555556c0dc80 was not matched
[1784608711.353429] [xover-0004:2215817:0]       tag_match.c:62   UCX  WARN  unexpected tag-receive descriptor 0x555556c0f800 was not matched
[1784608711.353428] [xover-0004:2215815:0]       tag_match.c:62   UCX  WARN  unexpected tag-receive descriptor 0x555556c0e000 was not matched
[1784608711.353547] [xover-0004:2215819:0]       tag_match.c:62   UCX  WARN  unexpected tag-receive descriptor 0x555556c0f680 was not matched
[1784608711.353487] [xover-0004:2215759:0]       tag_match.c:62   UCX  WARN  unexpected tag-receive descriptor 0x55555692f940 was not matched
[1784608711.353497] [xover-0004:2215761:0]       tag_match.c:62   UCX  WARN  unexpected tag-receive descriptor 0x555556c0f9c0 was not matched
2215758:0]           mpool.c:54   UCX  WARN  object 0x555557753040 {{cpml|proto|cb} tag_send from host memory length 67 eager short dc_mlx5/mlx5_0:1 58.5 MB/s 1.09 us} was not returned to mpool ucp_requests
[1784608711.352633] [xover-0004:2215758:0]           mpool.c:54   UCX  WARN  object 0x555557753200 {{cpml|proto|cb} tag_send from host memory length 67 eager short dc_mlx5/mlx5_0:1 58.5 MB/s 1.09 us} was not returned to mpool ucp_requests
[1784608711.352641] [xover-0004:2215758:0]           mpool.c:54   UCX  WARN  object 0x5555577533c0 {{cpml|proto|cb} tag_send from host memory length 67 eager short dc_mlx5/mlx5_0:1 58.5 MB/s 1.09 us} was not returned to mpool ucp_requests
[1784608711.352649] [xover-0004:2215758:0]           mpool.c:54   UCX  WARN  object 0x555557753580 {{cpml|proto|cb} tag_send from host memory length 67 eager short dc_mlx5/mlx5_0:1 58.5 MB/s 1.09 us} was not returned to mpool ucp_requests
[1784608711.352659] [xover-0004:2215758:0]           mpool.c:54   UCX  WARN  object 0x555557753740 {{cpml|proto|cb} tag_send from host memory length 67 eager short dc_mlx5/mlx5_0:1 58.5 MB/s 1.09 us} was not returned to mpool ucp_requests
[1784608711.352668] [xover-0004:2215758:0]           mpool.c:54   UCX  WARN  object 0x555557753900 {{cpml|proto|cb} tag_send from host memory length 67 eager short dc_mlx5/mlx5_0:1 58.5 MB/s 1.09 us} was not returned to mpool ucp_requests
[1784608711.352676] [xover-0004:2215758:0]           mpool.c:54   UCX  WARN  object 0x555557753ac0 {{cpml|proto|cb} tag_send from host memory length 67 eager short dc_mlx5/mlx5_0:1 58.5 MB/s 1.09 us} was not returned to mpool ucp_requests
[1784608711.352685] [xover-0004:2215758:0]           mpool.c:54   UCX  WARN  object 0x555557753c80 {{cpml|proto|cb} tag_send from host memory length 67 eager short dc_mlx5/mlx5_0:1 58.5 MB/s 1.09 us} was not returned to mpool ucp_requests
[1784608711.352694] [xover-0004:2215758:0]           mpool.c:54   UCX  WARN  object 0x555557753e40 {{cpml|proto|cb} tag_send from host memory length 67 eager short dc_mlx5/mlx5_0:1 58.5 MB/s 1.09 us} was not returned to mpool ucp_requests
[1784608711.352703] [xover-0004:2215758:0]           mpool.c:54   UCX  WARN  object 0x555557754000 {{cpml|proto|cb} tag_send from host memory length 67 eager short dc_mlx5/mlx5_0:1 58.5 MB/s 1.09 us} was not returned to mpool ucp_requests
[1784608711.352713] [xover-0004:2215758:0]           mpool.c:54   UCX  WARN  object 0x5555577541c0 {{cpml|proto|cb} tag_send from host memory length 67 eager short dc_mlx5/mlx5_0:1 58.5 MB/s 1.09 us} was not returned to mpool ucp_requests
[1784608711.352723] [xover-0004:2215758:0]           mpool.c:54   UCX  WARN  object 0x555557754380 {{cpml|proto|cb} tag_send from host memory length 67 eager short dc_mlx5/mlx5_0:1 58.5 MB/s 1.09 us} was not returned to mpool ucp_requests
[1784608711.352732] [xover-0004:2215758:0]           mpool.c:54   UCX  WARN  object 0x555557754540 {{cpml|proto|cb} tag_send from host memory length 67 eager short dc_mlx5/mlx5_0:1 58.5 MB/s 1.09 us} was not returned to mpool ucp_requests
[1784608711.352741] [xover-0004:2215758:0]           mpool.c:54   UCX  WARN  object 0x555557754700 {{cpml|proto|cb} tag_send from host memory length 67 eager short dc_mlx5/mlx5_0:1 58.5 MB/s 1.09 us} was not returned to mpool ucp_requests
[1784608711.352751] [xover-0004:2215758:0]           mpool.c:54   UCX  WARN  object 0x5555577548c0 {{cpml|proto|cb} tag_send from host memory length 67 eager short dc_mlx5/mlx5_0:1 58.5 MB/s 1.09 us} was not returned to mpool ucp_requests
[1784608711.352760] [xover-0004:2215758:0]           mpool.c:54   UCX  WARN  object 0x555557754a80 {{cpml|proto|cb} tag_send from host memory length 67 eager short dc_mlx5/mlx5_0:1 58.5 MB/s 1.09 us} was not returned to mpool ucp_requests
[1784608711.352769] [xover-0004:2215758:0]           mpool.c:54   UCX  WARN  object 0x555557754c40 {{cpml|proto|cb} tag_send from host memory length 67 eager short dc_mlx5/mlx5_0:1 58.5 MB/s 1.09 us} was not returned to mpool ucp_requests
[1784608711.352778] [xover-0004:2215758:0]           mpool.c:54 [1784608711.353482] [xover-0004:2215769:0]       tag_match.c:62   UCX  WARN  unexpected tag-receive descriptor 0x555556c0e540 was not matched
[1784608711.353430] [xover-0004:2215774:0]       tag_match.c:62   UCX  WARN  unexpected tag-receive descriptor 0x555556c0f840 was not matched
[1784608711.351365] [xover-0005:3107590:0]       tag_match.c:62   UCX  WARN  unexpected tag-receive descriptor 0x15551bdfcbd2 was not matched
[1784608711.351831] [xover-0006:2998401:0]       tag_match.c:62   UCX  WARN  unexpected tag-receive descriptor 0x15551bdfcbd2 was not matched
[1784608711.353591] [xover-0004:2215802:0]       tag_match.c:62   UCX  WARN  unexpected tag-receive descriptor 0x555556931480 was not matched
[1784608711.353829] [xover-0004:2215813:0]       tag_match.c:62   UCX  WARN  unexpected tag-receive descriptor 0x555556c0f6c0 was not matched
  UCX  WARN  object 0x555557754e00 {{cpml|proto|cb} tag_send from host memory length 67 eager short dc_mlx5/mlx5_0:1 58.5 MB/s 1.09 us} was not returned to mpool ucp_requests
[1784608711.352787] [xover-0004:2215758:0]           mpool.c:54   UCX  WARN  object 0x555557754fc0 {{cpml|proto|cb} tag_send from host memory length 67 eager short dc_mlx5/mlx5_0:1 58.5 MB/s 1.09 us} was not returned to mpool ucp_requests
[1784608711.352797] [xover-0004:2215758:0]           mpool.c:54   UCX  WARN  object 0x555557755180 {{cpml|proto|cb} tag_send from host memory length 67 eager short dc_mlx5/mlx5_0:1 58.5 MB/s 1.09 us} was not returned to mpool ucp_requests
[1784608711.352806] [xover-0004:2215758:0]           mpool.c:54   UCX  WARN  object 0x555557755340 {{cpml|proto|cb} tag_send from host memory length 67 eager short dc_mlx5/mlx5_0:1 58.5 MB/s 1.09 us} was not returned to mpool ucp_requests
[1784608711.352815] [xover-0004:2215758:0]           mpool.c:54   UCX  WARN  object 0x555557755500 {{cpml|proto|cb} tag_send from host memory length 67 eager short dc_mlx5/mlx5_0:1 58.5 MB/s 1.09 us} was not returned to mpool ucp_requests
[1784608711.352824] [xover-0004:2215758:0]           mpool.c:54   UCX  WARN  object 0x5555577556c0 {{cpml|proto|cb} tag_send from host memory length 67 eager short dc_mlx5/mlx5_0:1 58.5 MB/s 1.09 us} was not returned to mpool ucp_requests
[1784608711.352833] [xover-0004:2215758:0]           mpool.c:54   UCX  WARN  object 0x555557755880 {{cpml|proto|cb} tag_send from host memory length 67 eager short dc_mlx5/mlx5_0:1 58.5 MB/s 1.09 us} was not returned to mpool ucp_requests
[1784608711.352842] [xover-0004:2215758:0]           mpool.c:54   UCX  WARN  object 0x555557755a40 {{cpml|proto|cb} tag_send from host memory length 67 eager short dc_mlx5/mlx5_0:1 58.5 MB/s 1.09 us} was not returned to mpool ucp_requests
[1784608711.352850] [xover-0004:2215758:0]           mpool.c:54   UCX  WARN  object 0x555557755c00 {{cpml|proto|cb} tag_send from host memory length 67 eager short dc_mlx5/mlx5_0:1 58.5 MB/s 1.09 us} was not returned to mpool ucp_requests
[1784608711.352859] [xover-0004:2215758:0]           mpool.c:54   UCX  WARN  object 0x555557755dc0 {{cpml|proto|cb} tag_send from host memory length 67 eager short dc_mlx5/mlx5_0:1 58.5 MB/s 1.09 us} was not returned to mpool ucp_requests
[1784608711.352867] [xover-0004:2215758:0]           mpool.c:54   UCX  WARN  object 0x555557755f80 {{cpml|proto|cb} tag_send from host memory length 67 eager short dc_mlx5/mlx5_0:1 58.5 MB/s 1.09 us} was not returned to mpool ucp_requests
[1784608711.352875] [xover-0004:2215758:0]           mpool.c:54   UCX  WARN  object 0x555557756140 {{cpml|proto|cb} tag_send from host memory length 67 eager short dc_mlx5/mlx5_0:1 58.5 MB/s 1.09 us} was not returned to mpool ucp_requests
[1784608711.352883] [xover-0004:2215758:0]           mpool.c:54   UCX  WARN  object 0x555557756300 {{cpml|proto|cb} tag_send from host memory length 67 eager short dc_mlx5/mlx5_0:1 58.5 MB/s 1.09 us} was not returned to mpool ucp_requests
[1784608711.352891] [xover-0004:2215758:0]           mpool.c:54   UCX  WARN  object 0x5555577564c0 {{cpml|proto|cb} tag_send from host memory length 67 eager short dc_mlx5/mlx5_0:1 58.5 MB/s 1.09 us} was not returned to mpool ucp_requests
[1784608711.352900] [xover-0004:2215758:0]           mpool.c:54   UCX  WARN  object 0x555557756680 {{cpml|proto|cb} tag_send from host memory length 67 eager short dc_mlx5/mlx5_0:1 58.5 MB/s 1.09 us} was not returned to mpool ucp_requests
[1784608711.352908] [xover-0004:2215758:0]           mpool.c:54   UCX  WARN  object 0x555557756840 {{cpml|proto|cb} tag_send from host memory length 67 eager short dc_mlx5/mlx5_0:1 58.5 MB/s 1.09 us} was not returned to mpool ucp_requests
[1784608711.352917] [xover-0004:2215758:0]           mpool.c:54   UCX  WARN  object 0x555557756a00 {{cpml|proto|cb} tag_send from host memory length 67 eager short dc_mlx5/mlx5_0:1 58.5 MB/s 1.09 us} was not returned to mpool ucp_requests
[1784608711.352926] [xover-0004:2215758:0]           mpool.c:54   UCX  WARN  object 0x555557756b[1784608711.353547] [xover-0004:2215791:0]       tag_match.c:62   UCX  WARN  unexpected tag-receive descriptor 0x555556c0ff80 was not matched
[1784608711.353568] [xover-0004:2215789:0]       tag_match.c:62   UCX  WARN  unexpected tag-receive descriptor 0x55555692eb80 was not matched
[1784608711.351626] [xover-0005:3107567:0]       tag_match.c:62   UCX  WARN  unexpected tag-receive descriptor 0x15551bdfcbd2 was not matched
[1784608711.351917] [xover-0006:2998440:0]       tag_match.c:62   UCX  WARN  unexpected tag-receive descriptor 0x15551bdfcbd2 was not matched
[1784608711.353897] [xover-0004:2215805:0]       tag_match.c:62   UCX  WARN  unexpected tag-receive descriptor 0x555556c0e200 was not matched
[1784608711.353923] [xover-0004:2215757:0]       tag_match.c:62   UCX  WARN  unexpected tag-receive descriptor 0x555556931540 was not matched
[1784608711.353958] [xover-0004:2215762:0]       tag_match.c:62   UCX  WARN  unexpected tag-receive descriptor 0x55555692f380 was not matched
[1784608711.353862] [xover-0004:2215767:0]       tag_match.c:62   UCX  WARN  unexpected tag-receive descriptor 0x555556931380 was not matched
[1784608711.353911] [xover-0004:2215775:0]       tag_match.c:62   UCX  WARN  unexpected tag-receive descriptor 0x555556c0e8c0 was not matched
[1784608711.353981] [xover-0004:2215781:0]       tag_match.c:62   UCX  WARN  unexpected tag-receive descriptor 0x555556930c00 was not matched
c0 {{cpml|proto|cb} tag_send from host memory length 67 eager short dc_mlx5/mlx5_0:1 58.5 MB/s 1.09 us} was not returned to mpool ucp_requests
[1784608711.352935] [xover-0004:2215758:0]           mpool.c:54   UCX  WARN  object 0x555557756d80 {{cpml|proto|cb} tag_send from host memory length 67 eager short dc_mlx5/mlx5_0:1 58.5 MB/s 1.09 us} was not returned to mpool ucp_requests
[1784608711.352943] [xover-0004:2215758:0]           mpool.c:54   UCX  WARN  object 0x555557756f40 {{cpml|proto|cb} tag_send from host memory length 67 eager short dc_mlx5/mlx5_0:1 58.5 MB/s 1.09 us} was not returned to mpool ucp_requests
[1784608711.352952] [xover-0004:2215758:0]           mpool.c:54   UCX  WARN  object 0x555557757100 {{cpml|proto|cb} tag_send from host memory length 67 eager short dc_mlx5/mlx5_0:1 58.5 MB/s 1.09 us} was not returned to mpool ucp_requests
[1784608711.352960] [xover-0004:2215758:0]           mpool.c:54   UCX  WARN  object 0x5555577572c0 {{cpml|proto|cb} tag_send from host memory length 67 eager short dc_mlx5/mlx5_0:1 58.5 MB/s 1.09 us} was not returned to mpool ucp_requests
[1784608711.352969] [xover-0004:2215758:0]           mpool.c:54   UCX  WARN  object 0x555557757480 {{cpml|proto|cb} tag_send from host memory length 67 eager short dc_mlx5/mlx5_0:1 58.5 MB/s 1.09 us} was not returned to mpool ucp_requests
[1784608711.352978] [xover-0004:2215758:0]           mpool.c:54   UCX  WARN  object 0x555557757640 {{cpml|proto|cb} tag_send from host memory length 67 eager short dc_mlx5/mlx5_0:1 58.5 MB/s 1.09 us} was not returned to mpool ucp_requests
[1784608711.352986] [xover-0004:2215758:0]           mpool.c:54   UCX  WARN  object 0x555557757800 {{cpml|proto|cb} tag_send from host memory length 67 eager short dc_mlx5/mlx5_0:1 58.5 MB/s 1.09 us} was not returned to mpool ucp_requests
[1784608711.352994] [xover-0004:2215758:0]           mpool.c:54   UCX  WARN  object 0x5555577579c0 {{cpml|proto|cb} tag_send from host memory length 67 eager short dc_mlx5/mlx5_0:1 58.5 MB/s 1.09 us} was not returned to mpool ucp_requests
[1784608711.353003] [xover-0004:2215758:0]           mpool.c:54   UCX  WARN  object 0x555557757b80 {{cpml|proto|cb} tag_send from host memory length 67 eager short dc_mlx5/mlx5_0:1 58.5 MB/s 1.09 us} was not returned to mpool ucp_requests
[1784608711.353012] [xover-0004:2215758:0]           mpool.c:54   UCX  WARN  object 0x555557757d40 {{cpml|proto|cb} tag_send from host memory length 67 eager short dc_mlx5/mlx5_0:1 58.5 MB/s 1.09 us} was not returned to mpool ucp_requests
[1784608711.353020] [xover-0004:2215758:0]           mpool.c:54   UCX  WARN  object 0x555557757f00 {{cpml|proto|cb} tag_send from host memory length 67 eager short dc_mlx5/mlx5_0:1 58.5 MB/s 1.09 us} was not returned to mpool ucp_requests
[1784608711.353045] [xover-0004:2215758:0]           mpool.c:54   UCX  WARN  object 0x5555577580c0 {{cpml|proto|cb} tag_send from host memory length 67 eager short dc_mlx5/mlx5_0:1 58.5 MB/s 1.09 us} was not returned to mpool ucp_requests
[1784608711.353054] [xover-0004:2215758:0]           mpool.c:54   UCX  WARN  object 0x555557758280 {{cpml|proto|cb} tag_send from host memory length 67 eager short dc_mlx5/mlx5_0:1 58.5 MB/s 1.09 us} was not returned to mpool ucp_requests
[1784608711.353063] [xover-0004:2215758:0]           mpool.c:54   UCX  WARN  object 0x555557758440 {{cpml|proto|cb} tag_send from host memory length 67 eager short dc_mlx5/mlx5_0:1 58.5 MB/s 1.09 us} was not returned to mpool ucp_requests
[1784608711.353071] [xover-0004:2215758:0]           mpool.c:54   UCX  WARN  object 0x555557758600 {{cpml|proto|cb} tag_send from host memory length 67 eager short dc_mlx5/mlx5_0:1 58.5 MB/s 1.09 us} was not returned to mpool ucp_requests
[1784608711.353080] [xover-0004:2215758:0]           mpool.c:54   UCX  WARN  object 0x5555577587c0 {{cpml|proto|cb} tag_send from host memory length 67 eager short dc_mlx5/mlx5_0:1 58.5 MB/s 1.09 us} was not returned to mpool ucp_requests
[1784608711.353088] [xover-0004:2215758:0]           mpool.c:54   UCX  WARN  object 0x555557758980 {{cpml|proto|cb} tag_send fro[1784608711.353890] [xover-0004:2215793:0]       tag_match.c:62   UCX  WARN  unexpected tag-receive descriptor 0x555556c0e380 was not matched
[1784608711.353942] [xover-0004:2215799:0]       tag_match.c:62   UCX  WARN  unexpected tag-receive descriptor 0x555556c0ee00 was not matched
[1784608711.351626] [xover-0005:3107551:0]       tag_match.c:62   UCX  WARN  unexpected tag-receive descriptor 0x15551bdfcbd2 was not matched
[1784608711.351993] [xover-0006:2998436:0]       tag_match.c:62   UCX  WARN  unexpected tag-receive descriptor 0x15551bdfcbd2 was not matched
[1784608711.354080] [xover-0004:2215782:0]       tag_match.c:62   UCX  WARN  unexpected tag-receive descriptor 0x5555569317c0 was not matched
[1784608711.354091] [xover-0004:2215790:0]       tag_match.c:62   UCX  WARN  unexpected tag-receive descriptor 0x555556930fc0 was not matched
m host memory length 67 eager short dc_mlx5/mlx5_0:1 58.5 MB/s 1.09 us} was not returned to mpool ucp_requests
[1784608711.353097] [xover-0004:2215758:0]           mpool.c:54   UCX  WARN  object 0x555557758b40 {{cpml|proto|cb} tag_send from host memory length 67 eager short dc_mlx5/mlx5_0:1 58.5 MB/s 1.09 us} was not returned to mpool ucp_requests
[1784608711.353105] [xover-0004:2215758:0]           mpool.c:54   UCX  WARN  object 0x555557758d00 {{cpml|proto|cb} tag_send from host memory length 67 eager short dc_mlx5/mlx5_0:1 58.5 MB/s 1.09 us} was not returned to mpool ucp_requests
[1784608711.353113] [xover-0004:2215758:0]           mpool.c:54   UCX  WARN  object 0x555557758ec0 {{cpml|proto|cb} tag_send from host memory length 67 eager short dc_mlx5/mlx5_0:1 58.5 MB/s 1.09 us} was not returned to mpool ucp_requests
[1784608711.353122] [xover-0004:2215758:0]           mpool.c:54   UCX  WARN  object 0x555557759080 {{cpml|proto|cb} tag_send from host memory length 67 eager short dc_mlx5/mlx5_0:1 58.5 MB/s 1.09 us} was not returned to mpool ucp_requests
[1784608711.353131] [xover-0004:2215758:0]           mpool.c:54   UCX  WARN  object 0x555557759240 {{cpml|proto|cb} tag_send from host memory length 67 eager short dc_mlx5/mlx5_0:1 58.5 MB/s 1.09 us} was not returned to mpool ucp_requests
[1784608711.353140] [xover-0004:2215758:0]           mpool.c:54   UCX  WARN  object 0x555557759400 {{cpml|proto|cb} tag_send from host memory length 67 eager short dc_mlx5/mlx5_0:1 58.5 MB/s 1.09 us} was not returned to mpool ucp_requests
[1784608711.353149] [xover-0004:2215758:0]           mpool.c:54   UCX  WARN  object 0x5555577595c0 {{cpml|proto|cb} tag_send from host memory length 67 eager short dc_mlx5/mlx5_0:1 58.5 MB/s 1.09 us} was not returned to mpool ucp_requests
[1784608711.353158] [xover-0004:2215758:0]           mpool.c:54   UCX  WARN  object 0x555557759780 {{cpml|proto|cb} tag_send from host memory length 67 eager short dc_mlx5/mlx5_0:1 58.5 MB/s 1.09 us} was not returned to mpool ucp_requests
[1784608711.353167] [xover-0004:2215758:0]           mpool.c:54   UCX  WARN  object 0x555557759940 {{cpml|proto|cb} tag_send from host memory length 67 eager short dc_mlx5/mlx5_0:1 58.5 MB/s 1.09 us} was not returned to mpool ucp_requests
[1784608711.353176] [xover-0004:2215758:0]           mpool.c:54   UCX  WARN  object 0x555557759b00 {{cpml|proto|cb} tag_send from host memory length 67 eager short dc_mlx5/mlx5_0:1 58.5 MB/s 1.09 us} was not returned to mpool ucp_requests
[1784608711.353186] [xover-0004:2215758:0]           mpool.c:54   UCX  WARN  object 0x555557759cc0 {{cpml|proto|cb} tag_send from host memory length 67 eager short dc_mlx5/mlx5_0:1 58.5 MB/s 1.09 us} was not returned to mpool ucp_requests
[1784608711.353483] [xover-0004:2215758:0]           mpool.c:54   UCX  WARN  object 0x555557759e80 {{cpml|proto|cb} tag_send from host memory length 67 eager short dc_mlx5/mlx5_0:1 58.5 MB/s 1.09 us} was not returned to mpool ucp_requests
[1784608711.353494] [xover-0004:2215758:0]           mpool.c:54   UCX  WARN  object 0x55555775a040 {{cpml|proto|cb} tag_send from host memory length 67 eager short dc_mlx5/mlx5_0:1 58.5 MB/s 1.09 us} was not returned to mpool ucp_requests
[1784608711.353503] [xover-0004:2215758:0]           mpool.c:54   UCX  WARN  object 0x55555775a200 {{cpml|proto|cb} tag_send from host memory length 67 eager short dc_mlx5/mlx5_0:1 58.5 MB/s 1.09 us} was not returned to mpool ucp_requests
[1784608711.353512] [xover-0004:2215758:0]           mpool.c:54   UCX  WARN  object 0x55555775a3c0 {{cpml|proto|cb} tag_send from host memory length 67 eager short dc_mlx5/mlx5_0:1 58.5 MB/s 1.09 us} was not returned to mpool ucp_requests
[1784608711.353522] [xover-0004:2215758:0]           mpool.c:54   UCX  WARN  object 0x55555775a580 {{cpml|proto|cb} tag_send from host memory length 67 eager short dc_mlx5/mlx5_0:1 58.5 MB/s 1.09 us} was not returned to mpool ucp_requests
[1784608711.353531] [xover-0004:2215758:0]           mpool.c:54   UCX  WARN  object 0x55555775a740 {{cpml|proto|cb} tag_send from host memory length 67 eager sh[1784608711.354059] [xover-0004:2215798:0]       tag_match.c:62   UCX  WARN  unexpected tag-receive descriptor 0x555556930d40 was not matched
[1784608711.354039] [xover-0004:2215797:0]       tag_match.c:62   UCX  WARN  unexpected tag-receive descriptor 0x555556c0dd80 was not matched
[1784608711.354066] [xover-0004:2215809:0]       tag_match.c:62   UCX  WARN  unexpected tag-receive descriptor 0x555556c0e600 was not matched
[1784608711.354062] [xover-0004:2215807:0]       tag_match.c:62   UCX  WARN  unexpected tag-receive descriptor 0x555556931800 was not matched
[1784608711.354106] [xover-0004:2215814:0]       tag_match.c:62   UCX  WARN  unexpected tag-receive descriptor 0x555556c0ebc0 was not matched
[1784608711.351688] [xover-0005:3107565:0]       tag_match.c:62   UCX  WARN  unexpected tag-receive descriptor 0x15551bdfcbd2 was not matched
[1784608711.352041] [xover-0006:2998458:0]       tag_match.c:62   UCX  WARN  unexpected tag-receive descriptor 0x15551bdfcbd2 was not matched
ort dc_mlx5/mlx5_0:1 58.5 MB/s 1.09 us} was not returned to mpool ucp_requests
[1784608711.353540] [xover-0004:2215758:0]           mpool.c:54   UCX  WARN  object 0x55555775a900 {{cpml|proto|cb} tag_send from host memory length 67 eager short dc_mlx5/mlx5_0:1 58.5 MB/s 1.09 us} was not returned to mpool ucp_requests
[1784608711.353549] [xover-0004:2215758:0]           mpool.c:54   UCX  WARN  object 0x55555775aac0 {{cpml|proto|cb} tag_send from host memory length 67 eager short dc_mlx5/mlx5_0:1 58.5 MB/s 1.09 us} was not returned to mpool ucp_requests
[1784608711.353558] [xover-0004:2215758:0]           mpool.c:54   UCX  WARN  object 0x55555775ac80 {{cpml|proto|cb} tag_send from host memory length 67 eager short dc_mlx5/mlx5_0:1 58.5 MB/s 1.09 us} was not returned to mpool ucp_requests
[1784608711.353566] [xover-0004:2215758:0]           mpool.c:54   UCX  WARN  object 0x55555775ae40 {{cpml|proto|cb} tag_send from host memory length 67 eager short dc_mlx5/mlx5_0:1 58.5 MB/s 1.09 us} was not returned to mpool ucp_requests
[1784608711.353575] [xover-0004:2215758:0]           mpool.c:54   UCX  WARN  object 0x55555775b000 {{cpml|proto|cb} tag_send from host memory length 67 eager short dc_mlx5/mlx5_0:1 58.5 MB/s 1.09 us} was not returned to mpool ucp_requests
[1784608711.353584] [xover-0004:2215758:0]           mpool.c:54   UCX  WARN  object 0x55555775b1c0 {{cpml|proto|cb} tag_send from host memory length 67 eager short dc_mlx5/mlx5_0:1 58.5 MB/s 1.09 us} was not returned to mpool ucp_requests
[1784608711.353594] [xover-0004:2215758:0]           mpool.c:54   UCX  WARN  object 0x55555775b380 {{cpml|proto|cb} tag_send from host memory length 67 eager short dc_mlx5/mlx5_0:1 58.5 MB/s 1.09 us} was not returned to mpool ucp_requests
[1784608711.353602] [xover-0004:2215758:0]           mpool.c:54   UCX  WARN  object 0x55555775b540 {{cpml|proto|cb} tag_send from host memory length 67 eager short dc_mlx5/mlx5_0:1 58.5 MB/s 1.09 us} was not returned to mpool ucp_requests
[1784608711.353612] [xover-0004:2215758:0]           mpool.c:54   UCX  WARN  object 0x55555775b700 {{cpml|proto|cb} tag_send from host memory length 67 eager short dc_mlx5/mlx5_0:1 58.5 MB/s 1.09 us} was not returned to mpool ucp_requests
[1784608711.353816] [xover-0004:2215758:0]           mpool.c:54   UCX  WARN  object 0x55555775b8c0 {{cpml|proto|cb} tag_send from host memory length 67 eager short dc_mlx5/mlx5_0:1 58.5 MB/s 1.09 us} was not returned to mpool ucp_requests
[1784608711.351688] [xover-0005:3107577:0]       tag_match.c:62   UCX  WARN  unexpected tag-receive descriptor 0x15551bdfcbd2 was not matched
[1784608711.352183] [xover-0006:2998443:0]       tag_match.c:62   UCX  WARN  unexpected tag-receive descriptor 0x15551bdfcbd2 was not matched
[1784608711.351761] [xover-0005:3107588:0]       tag_match.c:62   UCX  WARN  unexpected tag-receive descriptor 0x15551bdfcbd2 was not matched
[1784608711.352309] [xover-0006:2998405:0]       tag_match.c:62   UCX  WARN  unexpected tag-receive descriptor 0x15551bdfcbd2 was not matched
[1784608711.354432] [xover-0004:2215806:0]       tag_match.c:62   UCX  WARN  unexpected tag-receive descriptor 0x555556c0f900 was not matched
[1784608711.351755] [xover-0005:3107597:0]       tag_match.c:62   UCX  WARN  unexpected tag-receive descriptor 0x15551bdfcbd2 was not matched
[1784608711.352316] [xover-0006:2998460:0]       tag_match.c:62   UCX  WARN  unexpected tag-receive descriptor 0x15551bdfcbd2 was not matched
[1784608711.354460] [xover-0004:2215773:0]       tag_match.c:62   UCX  WARN  unexpected tag-receive descriptor 0x555556c0e580 was not matched
[1784608711.351863] [xover-0005:3107552:0]       tag_match.c:62   UCX  WARN  unexpected tag-receive descriptor 0x15551bdfcbd2 was not matched
[1784608711.352385] [xover-0006:2998463:0]       tag_match.c:62   UCX  WARN  unexpected tag-receive descriptor 0x15551bdfcbd2 was not matched
[1784608711.354506] [xover-0004:2215760:0]       tag_match.c:62   UCX  WARN  unexpected tag-receive descriptor 0x555556930b00 was not matched
[1784608711.352025] [xover-0005:3107561:0]       tag_match.c:62   UCX  WARN  unexpected tag-receive descriptor 0x15551bdfcbd2 was not matched
[1784608711.352365] [xover-0006:2998412:0]       tag_match.c:62   UCX  WARN  unexpected tag-receive descriptor 0x15551bdfcbd2 was not matched
[1784608711.352072] [xover-0005:3107602:0]       tag_match.c:62   UCX  WARN  unexpected tag-receive descriptor 0x15551bdfcbd2 was not matched
[1784608711.352380] [xover-0006:2998423:0]       tag_match.c:62   UCX  WARN  unexpected tag-receive descriptor 0x15551bdfcbd2 was not matched
[1784608711.352102] [xover-0005:3107563:0]       tag_match.c:62   UCX  WARN  unexpected tag-receive descriptor 0x15551bdfcbd2 was not matched
[1784608711.352401] [xover-0006:2998404:0]       tag_match.c:62   UCX  WARN  unexpected tag-receive descriptor 0x15551bdfcbd2 was not matched
[1784608711.354841] [xover-0004:2215765:0]       tag_match.c:62   UCX  WARN  unexpected tag-receive descriptor 0x555556930f00 was not matched
[1784608711.352266] [xover-0005:3107594:0]       tag_match.c:62   UCX  WARN  unexpected tag-receive descriptor 0x15551bdfcbd2 was not matched
[1784608711.352450] [xover-0006:2998414:0]       tag_match.c:62   UCX  WARN  unexpected tag-receive descriptor 0x15551bdfcbd2 was not matched
[1784608711.352246] [xover-0005:3107601:0]       tag_match.c:62   UCX  WARN  unexpected tag-receive descriptor 0x15551bdfcbd2 was not matched
[1784608711.352456] [xover-0006:2998435:0]       tag_match.c:62   UCX  WARN  unexpected tag-receive descriptor 0x15551bdfcbd2 was not matched
[1784608711.352365] [xover-0005:3107604:0]       tag_match.c:62   UCX  WARN  unexpected tag-receive descriptor 0x15551bdfcbd2 was not matched
[1784608711.352518] [xover-0006:2998455:0]       tag_match.c:62   UCX  WARN  unexpected tag-receive descriptor 0x15551bdfcbd2 was not matched
[1784608711.352365] [xover-0005:3107608:0]       tag_match.c:62   UCX  WARN  unexpected tag-receive descriptor 0x15551bdfcbd2 was not matched
[1784608711.352499] [xover-0006:2998418:0]       tag_match.c:62   UCX  WARN  unexpected tag-receive descriptor 0x15551bdfcbd2 was not matched
[1784608711.352353] [xover-0005:3107584:0]       tag_match.c:62   UCX  WARN  unexpected tag-receive descriptor 0x15551bdfcbd2 was not matched
[1784608711.352504] [xover-0006:2998428:0]       tag_match.c:62   UCX  WARN  unexpected tag-receive descriptor 0x15551bdfcbd2 was not matched
[1784608711.352443] [xover-0005:3107562:0]       tag_match.c:62   UCX  WARN  unexpected tag-receive descriptor 0x15551bdfcbd2 was not matched
[1784608711.352531] [xover-0006:2998421:0]       tag_match.c:62   UCX  WARN  unexpected tag-receive descriptor 0x15551bdfcbd2 was not matched
[1784608711.352468] [xover-0005:3107570:0]       tag_match.c:62   UCX  WARN  unexpected tag-receive descriptor 0x15551bdfcbd2 was not matched
[1784608711.352539] [xover-0006:2998434:0]       tag_match.c:62   UCX  WARN  unexpected tag-receive descriptor 0x15551bdfcbd2 was not matched
[1784608711.352447] [xover-0005:3107576:0]       tag_match.c:62   UCX  WARN  unexpected tag-receive descriptor 0x15551bdfcbd2 was not matched
[1784608711.352528] [xover-0006:2998406:0]       tag_match.c:62   UCX  WARN  unexpected tag-receive descriptor 0x15551bdfcbd2 was not matched
[1784608711.352450] [xover-0005:3107583:0]       tag_match.c:62   UCX  WARN  unexpected tag-receive descriptor 0x15551bdfcbd2 was not matched
[1784608711.352843] [xover-0006:2998416:0]       tag_match.c:62   UCX  WARN  unexpected tag-receive descriptor 0x15551bdfcbd2 was not matched
[1784608711.352439] [xover-0005:3107586:0]       tag_match.c:62   UCX  WARN  unexpected tag-receive descriptor 0x15551bdfcbd2 was not matched
[1784608711.352923] [xover-0006:2998462:0]       tag_match.c:62   UCX  WARN  unexpected tag-receive descriptor 0x15551bdfcbd2 was not matched
[1784608711.352476] [xover-0005:3107599:0]       tag_match.c:62   UCX  WARN  unexpected tag-receive descriptor 0x15551bdfcbd2 was not matched
[1784608711.352973] [xover-0006:2998452:0]       tag_match.c:62   UCX  WARN  unexpected tag-receive descriptor 0x15551bdfcbd2 was not matched
[1784608711.352407] [xover-0005:3107610:0]       tag_match.c:62   UCX  WARN  unexpected tag-receive descriptor 0x15551bdfcbd2 was not matched
[1784608711.353013] [xover-0006:2998446:0]       tag_match.c:62   UCX  WARN  unexpected tag-receive descriptor 0x15551bdfcbd2 was not matched
[1784608711.352416] [xover-0005:3107564:0]       tag_match.c:62   UCX  WARN  unexpected tag-receive descriptor 0x15551bdfcbd2 was not matched
[1784608711.353061] [xover-0006:2998410:0]       tag_match.c:62   UCX  WARN  unexpected tag-receive descriptor 0x15551bdfcbd2 was not matched
[1784608711.352578] [xover-0005:3107553:0]       tag_match.c:62   UCX  WARN  unexpected tag-receive descriptor 0x15551bdfcbd2 was not matched
[1784608711.353124] [xover-0006:2998447:0]       tag_match.c:62   UCX  WARN  unexpected tag-receive descriptor 0x15551bdfcbd2 was not matched
[1784608711.352476] [xover-0005:3107557:0]       tag_match.c:62   UCX  WARN  unexpected tag-receive descriptor 0x15551bdfcbd2 was not matched
[1784608711.353234] [xover-0006:2998444:0]       tag_match.c:62   UCX  WARN  unexpected tag-receive descriptor 0x15551bdfcbd2 was not matched
[1784608711.352506] [xover-0005:3107560:0]       tag_match.c:62   UCX  WARN  unexpected tag-receive descriptor 0x15551bdfcbd2 was not matched
[1784608711.353278] [xover-0006:2998403:0]       tag_match.c:62   UCX  WARN  unexpected tag-receive descriptor 0x15551bdfcbd2 was not matched
[1784608711.352528] [xover-0005:3107559:0]       tag_match.c:62   UCX  WARN  unexpected tag-receive descriptor 0x15551bdfcbd2 was not matched
[1784608711.353343] [xover-0006:2998430:0]       tag_match.c:62   UCX  WARN  unexpected tag-receive descriptor 0x15551bdfcbd2 was not matched
[1784608711.352512] [xover-0005:3107569:0]       tag_match.c:62   UCX  WARN  unexpected tag-receive descriptor 0x15551bdfcbd2 was not matched
[1784608711.353357] [xover-0006:2998442:0]       tag_match.c:62   UCX  WARN  unexpected tag-receive descriptor 0x15551bdfcbd2 was not matched
[1784608711.352528] [xover-0005:3107566:0]       tag_match.c:62   UCX  WARN  unexpected tag-receive descriptor 0x15551bdfcbd2 was not matched
[1784608711.353379] [xover-0006:2998454:0]       tag_match.c:62   UCX  WARN  unexpected tag-receive descriptor 0x15551bdfcbd2 was not matched
[1784608711.352561] [xover-0005:3107573:0]       tag_match.c:62   UCX  WARN  unexpected tag-receive descriptor 0x15551bdfcbd2 was not matched
[1784608711.353360] [xover-0006:2998457:0]       tag_match.c:62   UCX  WARN  unexpected tag-receive descriptor 0x15551bdfcbd2 was not matched
[1784608711.352602] [xover-0005:3107578:0]       tag_match.c:62   UCX  WARN  unexpected tag-receive descriptor 0x15551bdfcbd2 was not matched
[1784608711.353359] [xover-0006:2998422:0]       tag_match.c:62   UCX  WARN  unexpected tag-receive descriptor 0x15551bdfcbd2 was not matched
[1784608711.352510] [xover-0005:3107574:0]       tag_match.c:62   UCX  WARN  unexpected tag-receive descriptor 0x15551bdfcbd2 was not matched
[1784608711.353474] [xover-0006:2998461:0]       tag_match.c:62   UCX  WARN  unexpected tag-receive descriptor 0x15551bdfcbd2 was not matched
[1784608711.352499] [xover-0005:3107596:0]       tag_match.c:62   UCX  WARN  unexpected tag-receive descriptor 0x15551bdfcbd2 was not matched
[1784608711.353468] [xover-0006:2998399:0]       tag_match.c:62   UCX  WARN  unexpected tag-receive descriptor 0x15551bdfcbd2 was not matched
[1784608711.352530] [xover-0005:3107603:0]       tag_match.c:62   UCX  WARN  unexpected tag-receive descriptor 0x15551bdfcbd2 was not matched
[1784608711.353372] [xover-0006:2998402:0]       tag_match.c:62   UCX  WARN  unexpected tag-receive descriptor 0x15551bdfcbd2 was not matched
[1784608711.352661] [xover-0005:3107558:0]       tag_match.c:62   UCX  WARN  unexpected tag-receive descriptor 0x15551bdfcbd2 was not matched
[1784608711.353429] [xover-0006:2998413:0]       tag_match.c:62   UCX  WARN  unexpected tag-receive descriptor 0x15551bdfcbd2 was not matched
[1784608711.352686] [xover-0005:3107579:0]       tag_match.c:62   UCX  WARN  unexpected tag-receive descriptor 0x15551bdfcbd2 was not matched
[1784608711.353372] [xover-0006:2998419:0]       tag_match.c:62   UCX  WARN  unexpected tag-receive descriptor 0x15551bdfcbd2 was not matched
[1784608711.352692] [xover-0005:3107589:0]       tag_match.c:62   UCX  WARN  unexpected tag-receive descriptor 0x15551bdfcbd2 was not matched
[1784608711.353476] [xover-0006:2998420:0]       tag_match.c:62   UCX  WARN  unexpected tag-receive descriptor 0x15551bdfcbd2 was not matched
[1784608711.352681] [xover-0005:3107592:0]       tag_match.c:62   UCX  WARN  unexpected tag-receive descriptor 0x15551bdfcbd2 was not matched
[1784608711.353419] [xover-0006:2998433:0]       tag_match.c:62   UCX  WARN  unexpected tag-receive descriptor 0x15551bdfcbd2 was not matched
[1784608711.352723] [xover-0005:3107591:0]       tag_match.c:62   UCX  WARN  unexpected tag-receive descriptor 0x15551bdfcbd2 was not matched
[1784608711.353405] [xover-0006:2998438:0]       tag_match.c:62   UCX  WARN  unexpected tag-receive descriptor 0x15551bdfcbd2 was not matched
[1784608711.352683] [xover-0005:3107593:0]       tag_match.c:62   UCX  WARN  unexpected tag-receive descriptor 0x15551bdfcbd2 was not matched
[1784608711.353406] [xover-0006:2998450:0]       tag_match.c:62   UCX  WARN  unexpected tag-receive descriptor 0x15551bdfcbd2 was not matched
[1784608711.352642] [xover-0005:3107549:0]       tag_match.c:62   UCX  WARN  unexpected tag-receive descriptor 0x15551bdfcbd2 was not matched
[1784608711.353497] [xover-0006:2998451:0]       tag_match.c:62   UCX  WARN  unexpected tag-receive descriptor 0x15551bdfcbd2 was not matched
[1784608711.352855] [xover-0005:3107568:0]       tag_match.c:62   UCX  WARN  unexpected tag-receive descriptor 0x15551bdfcbd2 was not matched
[1784608711.353625] [xover-0006:2998400:0]       tag_match.c:62   UCX  WARN  unexpected tag-receive descriptor 0x15551bdfcbd2 was not matched
[1784608711.352792] [xover-0005:3107572:0]       tag_match.c:62   UCX  WARN  unexpected tag-receive descriptor 0x15551bdfcbd2 was not matched
[1784608711.353652] [xover-0006:2998407:0]       tag_match.c:62   UCX  WARN  unexpected tag-receive descriptor 0x15551bdfcbd2 was not matched
[1784608711.352789] [xover-0005:3107609:0]       tag_match.c:62   UCX  WARN  unexpected tag-receive descriptor 0x15551bdfcbd2 was not matched
[1784608711.353652] [xover-0006:2998426:0]       tag_match.c:62   UCX  WARN  unexpected tag-receive descriptor 0x15551bdfcbd2 was not matched
[1784608711.353017] [xover-0005:3107585:0]       tag_match.c:62   UCX  WARN  unexpected tag-receive descriptor 0x15551bdfcbd2 was not matched
[1784608711.353637] [xover-0006:2998437:0]       tag_match.c:62   UCX  WARN  unexpected tag-receive descriptor 0x15551bdfcbd2 was not matched
[1784608711.353143] [xover-0005:3107587:0]       tag_match.c:62   UCX  WARN  unexpected tag-receive descriptor 0x15551bdfcbd2 was not matched
[1784608711.353754] [xover-0006:2998459:0]       tag_match.c:62   UCX  WARN  unexpected tag-receive descriptor 0x15551bdfcbd2 was not matched
[1784608711.353183] [xover-0005:3107581:0]       tag_match.c:62   UCX  WARN  unexpected tag-receive descriptor 0x15551bdfcbd2 was not matched
[1784608711.353750] [xover-0006:2998427:0]       tag_match.c:62   UCX  WARN  unexpected tag-receive descriptor 0x15551bdfcbd2 was not matched
[1784608711.353144] [xover-0005:3107546:0]       tag_match.c:62   UCX  WARN  unexpected tag-receive descriptor 0x15551bdfcbd2 was not matched
[1784608711.353791] [xover-0006:2998432:0]       tag_match.c:62   UCX  WARN  unexpected tag-receive descriptor 0x15551bdfcbd2 was not matched
[1784608711.353144] [xover-0005:3107550:0]       tag_match.c:62   UCX  WARN  unexpected tag-receive descriptor 0x15551bdfcbd2 was not matched
[1784608711.354033] [xover-0006:2998408:0]       tag_match.c:62   UCX  WARN  unexpected tag-receive descriptor 0x15551bdfcbd2 was not matched
[1784608711.353235] [xover-0005:3107605:0]       tag_match.c:62   UCX  WARN  unexpected tag-receive descriptor 0x15551bdfcbd2 was not matched
[1784608711.354118] [xover-0006:2998424:0]       tag_match.c:62   UCX  WARN  unexpected tag-receive descriptor 0x15551bdfcbd2 was not matched
[1784608711.353427] [xover-0005:3107595:0]       tag_match.c:62   UCX  WARN  unexpected tag-receive descriptor 0x15551bdfcbd2 was not matched
