Your shell is now configured to build the CosmoSIS standard library
[1784608737.046777] [xover-0002:2607801:0]       tag_match.c:62   UCX  WARN  unexpected tag-receive descriptor 0x15551bdfcbd2 was not matched
[1784608737.047664] [xover-0002:2607847:0]       tag_match.c:62   UCX  WARN  unexpected tag-receive descriptor 0x15551bdfcbd2 was not matched
[1784608737.048974] [xover-0001:505993:0]       tag_match.c:62   UCX  WARN  unexpected tag-receive descriptor 0x555556c0f000 was not matched
[1784608737.048933] [xover-0002:2607830:0]       tag_match.c:62   UCX  WARN  unexpected tag-receive descriptor 0x15551bdfcbd2 was not matched
[1784608737.049367] [xover-0001:505999:0]       tag_match.c:62   UCX  WARN  unexpected tag-receive descriptor 0x55555692fd00 was not matched
[1784608737.049331] [xover-0001:506013:0]       tag_match.c:62   UCX  WARN  unexpected tag-receive descriptor 0x555556c0f740 was not matched
[1784608737.049417] [xover-0001:505976:0]       tag_match.c:62   UCX  WARN  unexpected tag-receive descriptor 0x555556c0ec00 was not matched
[1784608737.049633] [xover-0001:506001:0]       tag_match.c:62   UCX  WARN  unexpected tag-receive descriptor 0x555556c0e240 was not matched
[1784608737.049822] [xover-0001:505998:0]       tag_match.c:62   UCX  WARN  unexpected tag-receive descriptor 0x555556c0fdc0 was not matched
[1784608737.049899] [xover-0002:2607804:0]       tag_match.c:62   UCX  WARN  unexpected tag-receive descriptor 0x15551bdfcbd2 was not matched
[1784608737.050042] [xover-0001:506005:0]       tag_match.c:62   UCX  WARN  unexpected tag-receive descriptor 0x555556c0ebc0 was not matched
[1784608737.050061] [xover-0002:2607791:0]       tag_match.c:62   UCX  WARN  unexpected tag-receive descriptor 0x15551bdfcbd2 was not matched
[1784608737.050177] [xover-0001:505969:0]       tag_match.c:62   UCX  WARN  unexpected tag-receive descriptor 0x555556c0f580 was not matched
[1784608737.050134] [xover-0002:2607828:0]       tag_match.c:62   UCX  WARN  unexpected tag-receive descriptor 0x15551bdfcbd2 was not matched
[1784608737.050292] [xover-0001:505975:0]       tag_match.c:62   UCX  WARN  unexpected tag-receive descriptor 0x55555692e6c0 was not matched
[1784608737.050304] [xover-0001:505952:0]       tag_match.c:62   UCX  WARN  unexpected tag-receive descriptor 0x555556c0e880 was not matched
[1784608737.050380] [xover-0001:506010:0]       tag_match.c:62   UCX  WARN  unexpected tag-receive descriptor 0x555556c0eec0 was not matched
[1784608737.050246] [xover-0002:2607821:0]       tag_match.c:62   UCX  WARN  unexpected tag-receive descriptor 0x15551bdfcbd2 was not matched
[1784608737.050463] [xover-0001:506004:0]       tag_match.c:62   UCX  WARN  unexpected tag-receive descriptor 0x555556c0f3c0 was not matched
[1784608737.050313] [xover-0002:2607849:0]       tag_match.c:62   UCX  WARN  unexpected tag-receive descriptor 0x15551bdfcbd2 was not matched
[1784608737.050470] [xover-0001:505970:0]       tag_match.c:62   UCX  WARN  unexpected tag-receive descriptor 0x555556931700 was not matched
[1784608737.050315] [xover-0002:2607848:0]       tag_match.c:62   UCX  WARN  unexpected tag-receive descriptor 0x15551bdfcbd2 was not matched
[1784608737.050313] [xover-0002:2607815:0]       tag_match.c:62   UCX  WARN  unexpected tag-receive descriptor 0x15551bdfcbd2 was not matched
[1784608737.050768] [xover-0001:505950:0]           mpool.c:54   UCX  WARN  object 0x555557751700 {{cpml|proto|cb} tag_send from host memory length 67 eager short dc_mlx5/mlx5_0:1 58.5 MB/s 1.09 us} was not returned to mpool ucp_requests
[1784608737.050788] [xover-0001:505950:0]           mpool.c:54   UCX  WARN  object 0x5555577518c0 {{cpml|proto|cb} tag_send from host memory length 67 eager short dc_mlx5/mlx5_0:1 58.5 MB/s 1.09 us} was not returned to mpool ucp_requests
[1784608737.050796] [xover-0001:505950:0]           mpool.c:54   UCX  WARN  object 0x555557751a80 {{cpml|proto|cb} tag_send from host memory length 67 eager short dc_mlx5/mlx5_0:1 58.5 MB/s 1.09 us} was not returned to mpool ucp_requests
[1784608737.050804] [xover-0001:505950:0]           mpool.c:54   UCX  WARN  object 0x555557751c40 {{cpml|proto|cb} tag_send from host memory length 67 eager short dc_mlx5/mlx5_0:1 58.5 MB/s 1.09 us} was not returned to mpool ucp_requests
[1784608737.050811] [xover-0001:505950:0]           mpool.c:54   UCX  WARN  object 0x555557751e00 {{cpml|proto|cb} tag_send from host memory length 67 eager short dc_mlx5/mlx5_0:1 58.5 MB/s 1.09 us} was not returned to mpool ucp_requests
[1784608737.050818] [xover-0001:505950:0]           mpool.c:54   UCX  WARN  object 0x555557751fc0 {{cpml|proto|cb} tag_send from host memory length 67 eager short dc_mlx5/mlx5_0:1 58.5 MB/s 1.09 us} was not returned to mpool ucp_requests
[1784608737.050827] [xover-0001:505950:0]           mpool.c:54   UCX  WARN  object 0x555557752180 {{cpml|proto|cb} tag_send from host memory length 67 eager short dc_mlx5/mlx5_0:1 58.5 MB/s 1.09 us} was not returned to mpool ucp_requests
[1784608737.050834] [xover-0001:505950:0]           mpool.c:54   UCX  WARN  object 0x555557752340 {{cpml|proto|cb} tag_send from host memory length 67 eager short dc_mlx5/mlx5_0:1 58.5 MB/s 1.09 us} was not returned to mpool ucp_requests
[1784608737.050841] [xover-0001:505950:0]           mpool.c:54   UCX  WARN  object 0x555557752500 {{cpml|proto|cb} tag_send from host memory length 67 eager short dc_mlx5/mlx5_0:1 58.5 MB/s 1.09 us} was not returned to mpool ucp_requests
[1784608737.050838] [xover-0001:505972:0]       tag_match.c:62   UCX  WARN  unexpected tag-receive descriptor 0x555556930640 was not matched
[1784608737.050809] [xover-0001:505983:0]       tag_match.c:62   UCX  WARN  unexpected tag-receive descriptor 0x555556c0f100 was not matched
[1784608737.050848] [xover-0001:505950:0]           mpool.c:54   UCX  WARN  object 0x5555577526c0 {{cpml|proto|cb} tag_send from host memory length 67 eager short dc_mlx5/mlx5_0:1 58.5 MB/s 1.09 us} was not returned to mpool ucp_requests
[1784608737.050857] [xover-0001:505950:0]           mpool.c:54   UCX  WARN  object 0x555557752880 {{cpml|proto|cb} tag_send from host memory length 67 eager short dc_mlx5/mlx5_0:1 58.5 MB/s 1.09 us} was not returned to mpool ucp_requests
[1784608737.050864] [xover-0001:505950:0]           mpool.c:54   UCX  WARN  object 0x555557752a40 {{cpml|proto|cb} tag_send from host memory length 67 eager short dc_mlx5/mlx5_0:1 58.5 MB/s 1.09 us} was not returned to mpool ucp_requests
[1784608737.051789] [xover-0001:506007:0]       tag_match.c:62   UCX  WARN  unexpected tag-receive descriptor 0x5555569318c0 was not matched
[1784608737.051827] [xover-0001:506009:0]       tag_match.c:62   UCX  WARN  unexpected tag-receive descriptor 0x5555569317c0 was not matched
[1784608737.051210] [xover-0001:506008:0]       tag_match.c:62   UCX  WARN  unexpected tag-receive descriptor 0x555556c10e40 was not matched
[1784608737.051069] [xover-0001:506011:0]       tag_match.c:62   UCX  WARN  unexpected tag-receive descriptor 0x555556c0d840 was not matched
[1784608737.051269] [xover-0001:506012:0]       tag_match.c:62   UCX  WARN  unexpected tag-receive descriptor 0x555556931000 was not matched
[1784608737.050871] [xover-0001:505950:0]           mpool.c:54   UCX  WARN  object 0x555557752c00 {{cpml|proto|cb} tag_send from host memory length 67 eager short dc_mlx5/mlx5_0:1 58.5 MB/s 1.09 us} was not returned to mpool ucp_requests
[1784608737.050881] [xover-0001:505950:0]           mpool.c:54   UCX  WARN  object 0x555557752dc0 {{cpml|proto|cb} tag_send from host memory length 67 eager short dc_mlx5/mlx5_0:1 58.5 MB/s 1.09 us} was not returned to mpool ucp_requests
[1784608737.050888] [xover-0001:505950:0]           mpool.c:54   UCX  WARN  object 0x555557752f80 {{cpml|proto|cb} tag_send from host memory length 67 eager short dc_mlx5/mlx5_0:1 58.5 MB/s 1.09 us} was not returned to mpool ucp_requests
[1784608737.050895] [xover-0001:505950:0]           mpool.c:54   UCX  WARN  object 0x555557753140 {{cpml|proto|cb} tag_send from host memory length 67 eager short dc_mlx5/mlx5_0:1 58.5 MB/s 1.09 us} was not returned to mpool ucp_requests
[1784608737.050902] [xover-0001:505950:0]           mpool.c:54   UCX  WARN  object 0x555557753300 {{cpml|proto|cb} tag_send from host memory length 67 eager short dc_mlx5/mlx5_0:1 58.5 MB/s 1.09 us} was not returned to mpool ucp_requests
[1784608737.050909] [xover-0001:505950:0]           mpool.c:54   UCX  WARN  object 0x5555577534c0 {{cpml|proto|cb} tag_send from host memory length 67 eager short dc_mlx5/mlx5_0:1 58.5 MB/s 1.09 us} was not returned to mpool ucp_requests
[1784608737.050914] [xover-0001:505950:0]           mpool.c:54   UCX  WARN  object 0x555557753680 {{cpml|proto|cb} tag_send from host memory length 67 eager short dc_mlx5/mlx5_0:1 58.5 MB/s 1.09 us} was not returned to mpool ucp_requests
[1784608737.050921] [xover-0001:505950:0]           mpool.c:54   UCX  WARN  object 0x555557753840 {{cpml|proto|cb} tag_send from host memory length 67 eager short dc_mlx5/mlx5_0:1 58.5 MB/s 1.09 us} was not returned to mpool ucp_requests
[1784608737.050928] [xover-0001:505950:0]           mpool.c:54   UCX  WARN  object 0x555557753a00 {{cpml|proto|cb} tag_send from host memory length 67 eager short dc_mlx5/mlx5_0:1 58.5 MB/s 1.09 us} was not returned to mpool ucp_requests
[1784608737.050938] [xover-0001:505950:0]           mpool.c:54   UCX  WARN  object 0x555557753bc0 {{cpml|proto|cb} tag_send from host memory length 67 eager short dc_mlx5/mlx5_0:1 58.5 MB/s 1.09 us} was not returned to mpool ucp_requests
[1784608737.050945] [xover-0001:505950:0]           mpool.c:54   UCX  WARN  object 0x555557753d80 {{cpml|proto|cb} tag_send from host memory length 67 eager short dc_mlx5/mlx5_0:1 58.5 MB/s 1.09 us} was not returned to mpool ucp_requests
[1784608737.050950] [xover-0001:505950:0]           mpool.c:54   UCX  WARN  object 0x555557753f40 {{cpml|proto|cb} tag_send from host memory length 67 eager short dc_mlx5/mlx5_0:1 58.5 MB/s 1.09 us} was not returned to mpool ucp_requests
[1784608737.050957] [xover-0001:505950:0]           mpool.c:54   UCX  WARN  object 0x555557754100 {{cpml|proto|cb} tag_send from host memory length 67 eager short dc_mlx5/mlx5_0:1 58.5 MB/s 1.09 us} was not returned to mpool ucp_requests
[1784608737.050963] [xover-0001:505950:0]           mpool.c:54   UCX  WARN  object 0x5555577542c0 {{cpml|proto|cb} tag_send from host memory length 67 eager short dc_mlx5/mlx5_0:1 58.5 MB/s 1.09 us} was not returned to mpool ucp_requests
[1784608737.050970] [xover-0001:505950:0]           mpool.c:54   UCX  WARN  object 0x555557754480 {{cpml|proto|cb} tag_send from host memory length 67 eager short dc_mlx5/mlx5_0:1 58.5 MB/s 1.09 us} was not returned to mpool ucp_requests
[1784608737.050977] [xover-0001:505950:0]           mpool.c:54   UCX  WARN  object 0x555557754640 {{cpml|proto|cb} tag_send from host memory length 67 eager short dc_mlx5/mlx5_0:1 58.5 MB/s 1.09 us} was not returned to mpool ucp_requests
[1784608737.050984] [xover-0001:505950:0]           mpool.c:54   UCX  WARN  object 0x555557754800 {{cpml|proto|cb} tag_send from host memory length 67 eager short dc_mlx5/mlx5_0:1 58.5 MB/s 1.09 us} was not returned to mpool ucp_requests
[1784608737.050991] [xover-0001:505950:0]        [1784608737.051686] [xover-0001:505951:0]       tag_match.c:62   UCX  WARN  unexpected tag-receive descriptor 0x555556c0e2c0 was not matched
[1784608737.051103] [xover-0001:505953:0]       tag_match.c:62   UCX  WARN  unexpected tag-receive descriptor 0x555556c0dd00 was not matched
[1784608737.051833] [xover-0001:505954:0]       tag_match.c:62   UCX  WARN  unexpected tag-receive descriptor 0x555556c0dac0 was not matched
[1784608737.051344] [xover-0001:505955:0]       tag_match.c:62   UCX  WARN  unexpected tag-receive descriptor 0x555556930880 was not matched
[1784608737.052181] [xover-0001:505956:0]       tag_match.c:62   UCX  WARN  unexpected tag-receive descriptor 0x555556c0f400 was not matched
[1784608737.051654] [xover-0001:505957:0]       tag_match.c:62   UCX  WARN  unexpected tag-receive descriptor 0x555556931240 was not matched
[1784608737.051132] [xover-0001:505958:0]       tag_match.c:62   UCX  WARN  unexpected tag-receive descriptor 0x55555692ed00 was not matched
[1784608737.051156] [xover-0001:505959:0]       tag_match.c:62   UCX  WARN  unexpected tag-receive descriptor 0x555556c0ee40 was not matched
[1784608737.051420] [xover-0001:505960:0]       tag_match.c:62   UCX  WARN  unexpected tag-receive descriptor 0x555556c0ff40 was not matched
[1784608737.051362] [xover-0001:505961:0]       tag_match.c:62   UCX  WARN  unexpected tag-receive descriptor 0x555556931200 was not matched
[1784608737.051923] [xover-0001:505962:0]       tag_match.c:62   UCX  WARN  unexpected tag-receive descriptor 0x555556c0f740 was not matched
[1784608737.051476] [xover-0001:505965:0]       tag_match.c:62   UCX  WARN  unexpected tag-receive descriptor 0x555556931c40 was not matched
[1784608737.051427] [xover-0001:505966:0]       tag_match.c:62   UCX  WARN  unexpected tag-receive descriptor 0x55555692f440 was not matched
[1784608737.051787] [xover-0001:505964:0]       tag_match.c:62   UCX  WARN  unexpected tag-receive descriptor 0x5555569315c0 was not matched
[1784608737.051692] [xover-0001:505963:0]       tag_match.c:62   UCX  WARN  unexpected tag-receive descriptor 0x555556930c40 was not matched
[1784608737.051287] [xover-0001:505967:0]       tag_match.c:62   UCX  WARN  unexpected tag-receive descriptor 0x555556c0ef40 was not matched
[1784608737.051438] [xover-0001:505968:0]       tag_match.c:62   UCX  WARN  unexpected tag-receive descriptor 0x555556c0ee40 was not matched
[1784608737.051431] [xover-0001:505974:0]       tag_match.c:62   UCX  WARN  unexpected tag-receive descriptor 0x555556931500 was not matched
[1784608737.051827] [xover-0001:505973:0]       tag_match.c:62   UCX  WARN  unexpected tag-receive descriptor 0x55555692f000 was not matched
[1784608737.051777] [xover-0001:505971:0]       tag_match.c:62   UCX  WARN  unexpected tag-receive descriptor 0x555556c0e5c0 was not matched
[1784608737.051465] [xover-0001:505978:0]       tag_match.c:62   UCX  WARN  unexpected tag-receive descriptor 0x555556c0e780 was not matched
[1784608737.051633] [xover-0001:505977:0]       tag_match.c:62   UCX  WARN  unexpected tag-receive descriptor 0x555556931a00 was not matched
[1784608737.051671] [xover-0001:505979:0]       tag_match.c:62   UCX  WARN  unexpected tag-receive descriptor 0x555556c0f200 was not matched
[1784608737.051710] [xover-0001:505982:0]       tag_match.c:62   UCX  WARN  unexpected tag-receive descriptor 0x555556c0df00 was not matched
[1784608737.051705] [xover-0001:505981:0]       tag_match.c:62   UCX  WARN  unexpected tag-receive descriptor 0x55555692f300 was not matched
[1784608737.051157] [xover-0001:505988:0]       tag_match.c:62   UCX  WARN  unexpected tag-receive descriptor 0x555556c0f880 was not matched
[1784608737.051877] [xover-0001:505980:0]       tag_match.c:62   UCX  WARN  unexpected tag-receive descriptor 0x555556932000 was not matched
[1784608737.051395] [xover-0001:505985:0]       tag_match.c:62   UCX  WARN  unexpected tag-receive descriptor 0x55555692ed80 was not matched
[1784608737.051348] [xover-0001:505984:0]       tag_match.c:62   UCX  WARN  unexpected tag-receive descriptor 0x5555569317c0 was not matched
[1784608737.051621] [xover-0001:505989:0]       tag_match.c:62   UCX  WARN  unexpected tag-receive descriptor 0x555556930280 was not matched
[1784608737.051948] [xover-0001:505986:0]       tag_match.c:62   UCX  WARN  unexpected tag-receive descriptor 0x555556930c40 was not matched
[1784608737.051529] [xover-0001:505990:0]       tag_match.c:62   UCX  WARN  unexpected tag-receive descriptor 0x555556c10c40 was not matched
[1784608737.052060] [xover-0001:505987:0]       tag_match.c:62   UCX  WARN  unexpected tag-receive descriptor 0x555556c0e0c0 was not matched
[1784608737.051381] [xover-0001:505995:0]       tag_match.c:62   UCX  WARN  unexpected tag-receive descriptor 0x5555569315c0 was not matched
[1784608737.051455] [xover-0001:505992:0]       tag_match.c:62   UCX  WARN  unexpected tag-receive descriptor 0x555556c0f240 was not matched
[1784608737.051397] [xover-0001:505991:0]       tag_match.c:62   UCX  WARN  unexpected tag-receive descriptor 0x55555692f340 was not matched
[1784608737.051748] [xover-0001:505996:0]       tag_match.c:62   UCX  WARN  unexpected tag-receive descriptor 0x555556932340 was not matched
[1784608737.051481] [xover-0001:505994:0]       tag_match.c:62   UCX  WARN  unexpected tag-receive descriptor 0x555556c0ec40 was not matched
[1784608737.051792] [xover-0001:506003:0]       tag_match.c:62   UCX  WARN  unexpected tag-receive descriptor 0x5555569309c0 was not matched
[1784608737.051877] [xover-0001:506002:0]       tag_match.c:62   UCX  WARN  unexpected tag-receive descriptor 0x555556c0ea00 was not matched
[1784608737.051503] [xover-0001:506000:0]       tag_match.c:62   UCX  WARN  unexpected tag-receive descriptor 0x555556931640 was not matched
[1784608737.051559] [xover-0001:505997:0]       tag_match.c:62   UCX  WARN  unexpected tag-receive descriptor 0x5555569318c0 was not matched
[1784608737.051217] [xover-0001:506006:0]       tag_match.c:62   UCX  WARN  unexpected tag-receive descriptor 0x555556931100 was not matched
[1784608737.051123] [xover-0002:2607837:0]       tag_match.c:62   UCX  WARN  unexpected tag-receive descriptor 0x15551bdfcbd2 was not matched
   mpool.c:54   UCX  WARN  object 0x5555577549c0 {{cpml|proto|cb} tag_send from host memory length 67 eager short dc_mlx5/mlx5_0:1 58.5 MB/s 1.09 us} was not returned to mpool ucp_requests
[1784608737.050998] [xover-0001:505950:0]           mpool.c:54   UCX  WARN  object 0x555557754b80 {{cpml|proto|cb} tag_send from host memory length 67 eager short dc_mlx5/mlx5_0:1 58.5 MB/s 1.09 us} was not returned to mpool ucp_requests
[1784608737.051006] [xover-0001:505950:0]           mpool.c:54   UCX  WARN  object 0x555557754d40 {{cpml|proto|cb} tag_send from host memory length 67 eager short dc_mlx5/mlx5_0:1 58.5 MB/s 1.09 us} was not returned to mpool ucp_requests
[1784608737.051012] [xover-0001:505950:0]           mpool.c:54   UCX  WARN  object 0x555557754f00 {{cpml|proto|cb} tag_send from host memory length 67 eager short dc_mlx5/mlx5_0:1 58.5 MB/s 1.09 us} was not returned to mpool ucp_requests
[1784608737.051019] [xover-0001:505950:0]           mpool.c:54   UCX  WARN  object 0x5555577550c0 {{cpml|proto|cb} tag_send from host memory length 67 eager short dc_mlx5/mlx5_0:1 58.5 MB/s 1.09 us} was not returned to mpool ucp_requests
[1784608737.051025] [xover-0001:505950:0]           mpool.c:54   UCX  WARN  object 0x555557755280 {{cpml|proto|cb} tag_send from host memory length 67 eager short dc_mlx5/mlx5_0:1 58.5 MB/s 1.09 us} was not returned to mpool ucp_requests
[1784608737.051032] [xover-0001:505950:0]           mpool.c:54   UCX  WARN  object 0x555557755440 {{cpml|proto|cb} tag_send from host memory length 67 eager short dc_mlx5/mlx5_0:1 58.5 MB/s 1.09 us} was not returned to mpool ucp_requests
[1784608737.051039] [xover-0001:505950:0]           mpool.c:54   UCX  WARN  object 0x555557755600 {{cpml|proto|cb} tag_send from host memory length 67 eager short dc_mlx5/mlx5_0:1 58.5 MB/s 1.09 us} was not returned to mpool ucp_requests
[1784608737.051046] [xover-0001:505950:0]           mpool.c:54   UCX  WARN  object 0x5555577557c0 {{cpml|proto|cb} tag_send from host memory length 67 eager short dc_mlx5/mlx5_0:1 58.5 MB/s 1.09 us} was not returned to mpool ucp_requests
[1784608737.051053] [xover-0001:505950:0]           mpool.c:54   UCX  WARN  object 0x555557755980 {{cpml|proto|cb} tag_send from host memory length 67 eager short dc_mlx5/mlx5_0:1 58.5 MB/s 1.09 us} was not returned to mpool ucp_requests
[1784608737.051060] [xover-0001:505950:0]           mpool.c:54   UCX  WARN  object 0x555557755b40 {{cpml|proto|cb} tag_send from host memory length 67 eager short dc_mlx5/mlx5_0:1 58.5 MB/s 1.09 us} was not returned to mpool ucp_requests
[1784608737.051067] [xover-0001:505950:0]           mpool.c:54   UCX  WARN  object 0x555557755d00 {{cpml|proto|cb} tag_send from host memory length 67 eager short dc_mlx5/mlx5_0:1 58.5 MB/s 1.09 us} was not returned to mpool ucp_requests
[1784608737.051075] [xover-0001:505950:0]           mpool.c:54   UCX  WARN  object 0x555557755ec0 {{cpml|proto|cb} tag_send from host memory length 67 eager short dc_mlx5/mlx5_0:1 58.5 MB/s 1.09 us} was not returned to mpool ucp_requests
[1784608737.051081] [xover-0001:505950:0]           mpool.c:54   UCX  WARN  object 0x555557756080 {{cpml|proto|cb} tag_send from host memory length 67 eager short dc_mlx5/mlx5_0:1 58.5 MB/s 1.09 us} was not returned to mpool ucp_requests
[1784608737.051087] [xover-0001:505950:0]           mpool.c:54   UCX  WARN  object 0x555557756240 {{cpml|proto|cb} tag_send from host memory length 67 eager short dc_mlx5/mlx5_0:1 58.5 MB/s 1.09 us} was not returned to mpool ucp_requests
[1784608737.051094] [xover-0001:505950:0]           mpool.c:54   UCX  WARN  object 0x555557756400 {{cpml|proto|cb} tag_send from host memory length 67 eager short dc_mlx5/mlx5_0:1 58.5 MB/s 1.09 us} was not returned to mpool ucp_requests
[1784608737.051101] [xover-0001:505950:0]           mpool.c:54   UCX  WARN  object 0x5555577565c0 {{cpml|proto|cb} tag_send from host memory length 67 eager short dc_mlx5/mlx5_0:1 58.5 MB/s 1.09 us} was not returned to mpool ucp_requests
[1784608737.051108] [xover-0001:505950:0]           mpool.c:54   UCX  WARN  object 0x555557756780 [1784608737.051224] [xover-0002:2607806:0]       tag_match.c:62   UCX  WARN  unexpected tag-receive descriptor 0x15551bdfcbd2 was not matched
{{cpml|proto|cb} tag_send from host memory length 67 eager short dc_mlx5/mlx5_0:1 58.5 MB/s 1.09 us} was not returned to mpool ucp_requests
[1784608737.051115] [xover-0001:505950:0]           mpool.c:54   UCX  WARN  object 0x555557756940 {{cpml|proto|cb} tag_send from host memory length 67 eager short dc_mlx5/mlx5_0:1 58.5 MB/s 1.09 us} was not returned to mpool ucp_requests
[1784608737.051122] [xover-0001:505950:0]           mpool.c:54   UCX  WARN  object 0x555557756b00 {{cpml|proto|cb} tag_send from host memory length 67 eager short dc_mlx5/mlx5_0:1 58.5 MB/s 1.09 us} was not returned to mpool ucp_requests
[1784608737.051129] [xover-0001:505950:0]           mpool.c:54   UCX  WARN  object 0x555557756cc0 {{cpml|proto|cb} tag_send from host memory length 67 eager short dc_mlx5/mlx5_0:1 58.5 MB/s 1.09 us} was not returned to mpool ucp_requests
[1784608737.051136] [xover-0001:505950:0]           mpool.c:54   UCX  WARN  object 0x555557756e80 {{cpml|proto|cb} tag_send from host memory length 67 eager short dc_mlx5/mlx5_0:1 58.5 MB/s 1.09 us} was not returned to mpool ucp_requests
[1784608737.051142] [xover-0001:505950:0]           mpool.c:54   UCX  WARN  object 0x555557757040 {{cpml|proto|cb} tag_send from host memory length 67 eager short dc_mlx5/mlx5_0:1 58.5 MB/s 1.09 us} was not returned to mpool ucp_requests
[1784608737.051148] [xover-0001:505950:0]           mpool.c:54   UCX  WARN  object 0x555557757200 {{cpml|proto|cb} tag_send from host memory length 67 eager short dc_mlx5/mlx5_0:1 58.5 MB/s 1.09 us} was not returned to mpool ucp_requests
[1784608737.051154] [xover-0001:505950:0]           mpool.c:54   UCX  WARN  object 0x5555577573c0 {{cpml|proto|cb} tag_send from host memory length 67 eager short dc_mlx5/mlx5_0:1 58.5 MB/s 1.09 us} was not returned to mpool ucp_requests
[1784608737.051161] [xover-0001:505950:0]           mpool.c:54   UCX  WARN  object 0x555557757580 {{cpml|proto|cb} tag_send from host memory length 67 eager short dc_mlx5/mlx5_0:1 58.5 MB/s 1.09 us} was not returned to mpool ucp_requests
[1784608737.051166] [xover-0001:505950:0]           mpool.c:54   UCX  WARN  object 0x555557757740 {{cpml|proto|cb} tag_send from host memory length 67 eager short dc_mlx5/mlx5_0:1 58.5 MB/s 1.09 us} was not returned to mpool ucp_requests
[1784608737.051173] [xover-0001:505950:0]           mpool.c:54   UCX  WARN  object 0x555557757900 {{cpml|proto|cb} tag_send from host memory length 67 eager short dc_mlx5/mlx5_0:1 58.5 MB/s 1.09 us} was not returned to mpool ucp_requests
[1784608737.051180] [xover-0001:505950:0]           mpool.c:54   UCX  WARN  object 0x555557757ac0 {{cpml|proto|cb} tag_send from host memory length 67 eager short dc_mlx5/mlx5_0:1 58.5 MB/s 1.09 us} was not returned to mpool ucp_requests
[1784608737.051187] [xover-0001:505950:0]           mpool.c:54   UCX  WARN  object 0x555557757c80 {{cpml|proto|cb} tag_send from host memory length 67 eager short dc_mlx5/mlx5_0:1 58.5 MB/s 1.09 us} was not returned to mpool ucp_requests
[1784608737.051194] [xover-0001:505950:0]           mpool.c:54   UCX  WARN  object 0x555557757e40 {{cpml|proto|cb} tag_send from host memory length 67 eager short dc_mlx5/mlx5_0:1 58.5 MB/s 1.09 us} was not returned to mpool ucp_requests
[1784608737.051201] [xover-0001:505950:0]           mpool.c:54   UCX  WARN  object 0x555557758000 {{cpml|proto|cb} tag_send from host memory length 67 eager short dc_mlx5/mlx5_0:1 58.5 MB/s 1.09 us} was not returned to mpool ucp_requests
[1784608737.051206] [xover-0001:505950:0]           mpool.c:54   UCX  WARN  object 0x5555577581c0 {{cpml|proto|cb} tag_send from host memory length 67 eager short dc_mlx5/mlx5_0:1 58.5 MB/s 1.09 us} was not returned to mpool ucp_requests
[1784608737.051213] [xover-0001:505950:0]           mpool.c:54   UCX  WARN  object 0x555557758380 {{cpml|proto|cb} tag_send from host memory length 67 eager short dc_mlx5/mlx5_0:1 58.5 MB/s 1.09 us} was not returned to mpool ucp_requests
[1784608737.051221] [xover-0001:505950:0]           mpool.c:54   UCX  WARN  object 0x555557758540 {{cpml|proto|cb} tag_send from host memory length[1784608737.051389] [xover-0002:2607807:0]       tag_match.c:62   UCX  WARN  unexpected tag-receive descriptor 0x15551bdfcbd2 was not matched
 67 eager short dc_mlx5/mlx5_0:1 58.5 MB/s 1.09 us} was not returned to mpool ucp_requests
[1784608737.051227] [xover-0001:505950:0]           mpool.c:54   UCX  WARN  object 0x555557758700 {{cpml|proto|cb} tag_send from host memory length 67 eager short dc_mlx5/mlx5_0:1 58.5 MB/s 1.09 us} was not returned to mpool ucp_requests
[1784608737.051234] [xover-0001:505950:0]           mpool.c:54   UCX  WARN  object 0x5555577588c0 {{cpml|proto|cb} tag_send from host memory length 67 eager short dc_mlx5/mlx5_0:1 58.5 MB/s 1.09 us} was not returned to mpool ucp_requests
[1784608737.051241] [xover-0001:505950:0]           mpool.c:54   UCX  WARN  object 0x555557758a80 {{cpml|proto|cb} tag_send from host memory length 67 eager short dc_mlx5/mlx5_0:1 58.5 MB/s 1.09 us} was not returned to mpool ucp_requests
[1784608737.051248] [xover-0001:505950:0]           mpool.c:54   UCX  WARN  object 0x555557758c40 {{cpml|proto|cb} tag_send from host memory length 67 eager short dc_mlx5/mlx5_0:1 58.5 MB/s 1.09 us} was not returned to mpool ucp_requests
[1784608737.051255] [xover-0001:505950:0]           mpool.c:54   UCX  WARN  object 0x555557758e00 {{cpml|proto|cb} tag_send from host memory length 67 eager short dc_mlx5/mlx5_0:1 58.5 MB/s 1.09 us} was not returned to mpool ucp_requests
[1784608737.051261] [xover-0001:505950:0]           mpool.c:54   UCX  WARN  object 0x555557758fc0 {{cpml|proto|cb} tag_send from host memory length 67 eager short dc_mlx5/mlx5_0:1 58.5 MB/s 1.09 us} was not returned to mpool ucp_requests
[1784608737.051268] [xover-0001:505950:0]           mpool.c:54   UCX  WARN  object 0x555557759180 {{cpml|proto|cb} tag_send from host memory length 67 eager short dc_mlx5/mlx5_0:1 58.5 MB/s 1.09 us} was not returned to mpool ucp_requests
[1784608737.051281] [xover-0001:505950:0]           mpool.c:54   UCX  WARN  object 0x555557759340 {{cpml|proto|cb} tag_send from host memory length 67 eager short dc_mlx5/mlx5_0:1 58.5 MB/s 1.09 us} was not returned to mpool ucp_requests
[1784608737.051286] [xover-0001:505950:0]           mpool.c:54   UCX  WARN  object 0x555557759500 {{cpml|proto|cb} tag_send from host memory length 67 eager short dc_mlx5/mlx5_0:1 58.5 MB/s 1.09 us} was not returned to mpool ucp_requests
[1784608737.051293] [xover-0001:505950:0]           mpool.c:54   UCX  WARN  object 0x5555577596c0 {{cpml|proto|cb} tag_send from host memory length 67 eager short dc_mlx5/mlx5_0:1 58.5 MB/s 1.09 us} was not returned to mpool ucp_requests
[1784608737.051300] [xover-0001:505950:0]           mpool.c:54   UCX  WARN  object 0x555557759880 {{cpml|proto|cb} tag_send from host memory length 67 eager short dc_mlx5/mlx5_0:1 58.5 MB/s 1.09 us} was not returned to mpool ucp_requests
[1784608737.051307] [xover-0001:505950:0]           mpool.c:54   UCX  WARN  object 0x555557759a40 {{cpml|proto|cb} tag_send from host memory length 67 eager short dc_mlx5/mlx5_0:1 58.5 MB/s 1.09 us} was not returned to mpool ucp_requests
[1784608737.051313] [xover-0001:505950:0]           mpool.c:54   UCX  WARN  object 0x555557759c00 {{cpml|proto|cb} tag_send from host memory length 67 eager short dc_mlx5/mlx5_0:1 58.5 MB/s 1.09 us} was not returned to mpool ucp_requests
[1784608737.051321] [xover-0001:505950:0]           mpool.c:54   UCX  WARN  object 0x555557759dc0 {{cpml|proto|cb} tag_send from host memory length 67 eager short dc_mlx5/mlx5_0:1 58.5 MB/s 1.09 us} was not returned to mpool ucp_requests
[1784608737.051328] [xover-0001:505950:0]           mpool.c:54   UCX  WARN  object 0x555557759f80 {{cpml|proto|cb} tag_send from host memory length 67 eager short dc_mlx5/mlx5_0:1 58.5 MB/s 1.09 us} was not returned to mpool ucp_requests
[1784608737.051335] [xover-0001:505950:0]           mpool.c:54   UCX  WARN  object 0x55555775a140 {{cpml|proto|cb} tag_send from host memory length 67 eager short dc_mlx5/mlx5_0:1 58.5 MB/s 1.09 us} was not returned to mpool ucp_requests
[1784608737.051342] [xover-0001:505950:0]           mpool.c:54   UCX  WARN  object 0x55555775a300 {{cpml|proto|cb} tag_send from host memory length 67 eager short dc_mlx5/mlx5_0:1 58.5 MB/s 1.09 u[1784608737.051378] [xover-0002:2607800:0]       tag_match.c:62   UCX  WARN  unexpected tag-receive descriptor 0x15551bdfcbd2 was not matched
s} was not returned to mpool ucp_requests
[1784608737.051349] [xover-0001:505950:0]           mpool.c:54   UCX  WARN  object 0x55555775a4c0 {{cpml|proto|cb} tag_send from host memory length 67 eager short dc_mlx5/mlx5_0:1 58.5 MB/s 1.09 us} was not returned to mpool ucp_requests
[1784608737.051355] [xover-0001:505950:0]           mpool.c:54   UCX  WARN  object 0x55555775a680 {{cpml|proto|cb} tag_send from host memory length 67 eager short dc_mlx5/mlx5_0:1 58.5 MB/s 1.09 us} was not returned to mpool ucp_requests
[1784608737.051362] [xover-0001:505950:0]           mpool.c:54   UCX  WARN  object 0x55555775a840 {{cpml|proto|cb} tag_send from host memory length 67 eager short dc_mlx5/mlx5_0:1 58.5 MB/s 1.09 us} was not returned to mpool ucp_requests
[1784608737.051369] [xover-0001:505950:0]           mpool.c:54   UCX  WARN  object 0x55555775aa00 {{cpml|proto|cb} tag_send from host memory length 67 eager short dc_mlx5/mlx5_0:1 58.5 MB/s 1.09 us} was not returned to mpool ucp_requests
[1784608737.051376] [xover-0001:505950:0]           mpool.c:54   UCX  WARN  object 0x55555775abc0 {{cpml|proto|cb} tag_send from host memory length 67 eager short dc_mlx5/mlx5_0:1 58.5 MB/s 1.09 us} was not returned to mpool ucp_requests
[1784608737.051382] [xover-0001:505950:0]           mpool.c:54   UCX  WARN  object 0x55555775ad80 {{cpml|proto|cb} tag_send from host memory length 67 eager short dc_mlx5/mlx5_0:1 58.5 MB/s 1.09 us} was not returned to mpool ucp_requests
[1784608737.051389] [xover-0001:505950:0]           mpool.c:54   UCX  WARN  object 0x55555775af40 {{cpml|proto|cb} tag_send from host memory length 67 eager short dc_mlx5/mlx5_0:1 58.5 MB/s 1.09 us} was not returned to mpool ucp_requests
[1784608737.051395] [xover-0001:505950:0]           mpool.c:54   UCX  WARN  object 0x55555775b100 {{cpml|proto|cb} tag_send from host memory length 67 eager short dc_mlx5/mlx5_0:1 58.5 MB/s 1.09 us} was not returned to mpool ucp_requests
[1784608737.051402] [xover-0001:505950:0]           mpool.c:54   UCX  WARN  object 0x55555775b2c0 {{cpml|proto|cb} tag_send from host memory length 67 eager short dc_mlx5/mlx5_0:1 58.5 MB/s 1.09 us} was not returned to mpool ucp_requests
[1784608737.051408] [xover-0001:505950:0]           mpool.c:54   UCX  WARN  object 0x55555775b480 {{cpml|proto|cb} tag_send from host memory length 67 eager short dc_mlx5/mlx5_0:1 58.5 MB/s 1.09 us} was not returned to mpool ucp_requests
[1784608737.051415] [xover-0001:505950:0]           mpool.c:54   UCX  WARN  object 0x55555775b640 {{cpml|proto|cb} tag_send from host memory length 67 eager short dc_mlx5/mlx5_0:1 58.5 MB/s 1.09 us} was not returned to mpool ucp_requests
[1784608737.053126] [xover-0001:505950:0]           mpool.c:54   UCX  WARN  object 0x55555775b800 {{cpml|proto|cb} tag_send from host memory length 67 eager short dc_mlx5/mlx5_0:1 58.5 MB/s 1.09 us} was not returned to mpool ucp_requests
[1784608737.053134] [xover-0001:505950:0]           mpool.c:54   UCX  WARN  object 0x55555775b9c0 {{cpml|proto|cb} tag_send from host memory length 67 eager short dc_mlx5/mlx5_0:1 58.5 MB/s 1.09 us} was not returned to mpool ucp_requests
[1784608737.053140] [xover-0001:505950:0]           mpool.c:54   UCX  WARN  object 0x55555775bb80 {{cpml|proto|cb} tag_send from host memory length 67 eager short dc_mlx5/mlx5_0:1 58.5 MB/s 1.09 us} was not returned to mpool ucp_requests
[1784608737.053148] [xover-0001:505950:0]           mpool.c:54   UCX  WARN  object 0x55555775bd40 {{cpml|proto|cb} tag_send from host memory length 67 eager short dc_mlx5/mlx5_0:1 58.5 MB/s 1.09 us} was not returned to mpool ucp_requests
[1784608737.051412] [xover-0002:2607790:0]       tag_match.c:62   UCX  WARN  unexpected tag-receive descriptor 0x15551bdfcbd2 was not matched
[1784608737.051431] [xover-0002:2607834:0]       tag_match.c:62   UCX  WARN  unexpected tag-receive descriptor 0x15551bdfcbd2 was not matched
[1784608737.051531] [xover-0002:2607836:0]       tag_match.c:62   UCX  WARN  unexpected tag-receive descriptor 0x15551bdfcbd2 was not matched
[1784608737.051524] [xover-0002:2607853:0]       tag_match.c:62   UCX  WARN  unexpected tag-receive descriptor 0x15551bdfcbd2 was not matched
[1784608737.051506] [xover-0002:2607803:0]       tag_match.c:62   UCX  WARN  unexpected tag-receive descriptor 0x15551bdfcbd2 was not matched
[1784608737.051536] [xover-0002:2607798:0]       tag_match.c:62   UCX  WARN  unexpected tag-receive descriptor 0x15551bdfcbd2 was not matched
[1784608737.051633] [xover-0002:2607797:0]       tag_match.c:62   UCX  WARN  unexpected tag-receive descriptor 0x15551bdfcbd2 was not matched
[1784608737.051628] [xover-0002:2607835:0]       tag_match.c:62   UCX  WARN  unexpected tag-receive descriptor 0x15551bdfcbd2 was not matched
[1784608737.051702] [xover-0002:2607840:0]       tag_match.c:62   UCX  WARN  unexpected tag-receive descriptor 0x15551bdfcbd2 was not matched
[1784608737.051693] [xover-0002:2607845:0]       tag_match.c:62   UCX  WARN  unexpected tag-receive descriptor 0x15551bdfcbd2 was not matched
[1784608737.051701] [xover-0002:2607851:0]       tag_match.c:62   UCX  WARN  unexpected tag-receive descriptor 0x15551bdfcbd2 was not matched
[1784608737.051684] [xover-0002:2607814:0]       tag_match.c:62   UCX  WARN  unexpected tag-receive descriptor 0x15551bdfcbd2 was not matched
[1784608737.051921] [xover-0002:2607794:0]       tag_match.c:62   UCX  WARN  unexpected tag-receive descriptor 0x15551bdfcbd2 was not matched
[1784608737.051718] [xover-0002:2607825:0]       tag_match.c:62   UCX  WARN  unexpected tag-receive descriptor 0x15551bdfcbd2 was not matched
[1784608737.052025] [xover-0002:2607844:0]       tag_match.c:62   UCX  WARN  unexpected tag-receive descriptor 0x15551bdfcbd2 was not matched
[1784608737.052084] [xover-0002:2607811:0]       tag_match.c:62   UCX  WARN  unexpected tag-receive descriptor 0x15551bdfcbd2 was not matched
[1784608737.052281] [xover-0002:2607838:0]       tag_match.c:62   UCX  WARN  unexpected tag-receive descriptor 0x15551bdfcbd2 was not matched
[1784608737.052318] [xover-0002:2607839:0]       tag_match.c:62   UCX  WARN  unexpected tag-receive descriptor 0x15551bdfcbd2 was not matched
[1784608737.052398] [xover-0002:2607789:0]       tag_match.c:62   UCX  WARN  unexpected tag-receive descriptor 0x15551bdfcbd2 was not matched
[1784608737.052391] [xover-0002:2607805:0]       tag_match.c:62   UCX  WARN  unexpected tag-receive descriptor 0x15551bdfcbd2 was not matched
[1784608737.052383] [xover-0002:2607813:0]       tag_match.c:62   UCX  WARN  unexpected tag-receive descriptor 0x15551bdfcbd2 was not matched
[1784608737.052392] [xover-0002:2607823:0]       tag_match.c:62   UCX  WARN  unexpected tag-receive descriptor 0x15551bdfcbd2 was not matched
[1784608737.052470] [xover-0002:2607809:0]       tag_match.c:62   UCX  WARN  unexpected tag-receive descriptor 0x15551bdfcbd2 was not matched
[1784608737.052436] [xover-0002:2607812:0]       tag_match.c:62   UCX  WARN  unexpected tag-receive descriptor 0x15551bdfcbd2 was not matched
[1784608737.052430] [xover-0002:2607826:0]       tag_match.c:62   UCX  WARN  unexpected tag-receive descriptor 0x15551bdfcbd2 was not matched
[1784608737.052462] [xover-0002:2607831:0]       tag_match.c:62   UCX  WARN  unexpected tag-receive descriptor 0x15551bdfcbd2 was not matched
[1784608737.052554] [xover-0002:2607827:0]       tag_match.c:62   UCX  WARN  unexpected tag-receive descriptor 0x15551bdfcbd2 was not matched
[1784608737.052519] [xover-0002:2607841:0]       tag_match.c:62   UCX  WARN  unexpected tag-receive descriptor 0x15551bdfcbd2 was not matched
[1784608737.052585] [xover-0002:2607810:0]       tag_match.c:62   UCX  WARN  unexpected tag-receive descriptor 0x15551bdfcbd2 was not matched
[1784608737.052597] [xover-0002:2607846:0]       tag_match.c:62   UCX  WARN  unexpected tag-receive descriptor 0x15551bdfcbd2 was not matched
[1784608737.052580] [xover-0002:2607842:0]       tag_match.c:62   UCX  WARN  unexpected tag-receive descriptor 0x15551bdfcbd2 was not matched
[1784608737.052650] [xover-0002:2607852:0]       tag_match.c:62   UCX  WARN  unexpected tag-receive descriptor 0x15551bdfcbd2 was not matched
[1784608737.052646] [xover-0002:2607799:0]       tag_match.c:62   UCX  WARN  unexpected tag-receive descriptor 0x15551bdfcbd2 was not matched
[1784608737.052671] [xover-0002:2607819:0]       tag_match.c:62   UCX  WARN  unexpected tag-receive descriptor 0x15551bdfcbd2 was not matched
[1784608737.052693] [xover-0002:2607796:0]       tag_match.c:62   UCX  WARN  unexpected tag-receive descriptor 0x15551bdfcbd2 was not matched
[1784608737.052698] [xover-0002:2607816:0]       tag_match.c:62   UCX  WARN  unexpected tag-receive descriptor 0x15551bdfcbd2 was not matched
[1784608737.052689] [xover-0002:2607817:0]       tag_match.c:62   UCX  WARN  unexpected tag-receive descriptor 0x15551bdfcbd2 was not matched
[1784608737.052747] [xover-0002:2607795:0]       tag_match.c:62   UCX  WARN  unexpected tag-receive descriptor 0x15551bdfcbd2 was not matched
[1784608737.052799] [xover-0002:2607808:0]       tag_match.c:62   UCX  WARN  unexpected tag-receive descriptor 0x15551bdfcbd2 was not matched
[1784608737.052799] [xover-0002:2607793:0]       tag_match.c:62   UCX  WARN  unexpected tag-receive descriptor 0x15551bdfcbd2 was not matched
[1784608737.052832] [xover-0002:2607829:0]       tag_match.c:62   UCX  WARN  unexpected tag-receive descriptor 0x15551bdfcbd2 was not matched
[1784608737.052905] [xover-0002:2607802:0]       tag_match.c:62   UCX  WARN  unexpected tag-receive descriptor 0x15551bdfcbd2 was not matched
[1784608737.052991] [xover-0002:2607843:0]       tag_match.c:62   UCX  WARN  unexpected tag-receive descriptor 0x15551bdfcbd2 was not matched
[1784608737.053073] [xover-0002:2607822:0]       tag_match.c:62   UCX  WARN  unexpected tag-receive descriptor 0x15551bdfcbd2 was not matched
[1784608737.053069] [xover-0002:2607792:0]       tag_match.c:62   UCX  WARN  unexpected tag-receive descriptor 0x15551bdfcbd2 was not matched
[1784608737.053142] [xover-0002:2607824:0]       tag_match.c:62   UCX  WARN  unexpected tag-receive descriptor 0x15551bdfcbd2 was not matched
[1784608737.053299] [xover-0002:2607832:0]       tag_match.c:62   UCX  WARN  unexpected tag-receive descriptor 0x15551bdfcbd2 was not matched
[1784608737.053376] [xover-0002:2607833:0]       tag_match.c:62   UCX  WARN  unexpected tag-receive descriptor 0x15551bdfcbd2 was not matched
[1784608737.053630] [xover-0002:2607818:0]       tag_match.c:62   UCX  WARN  unexpected tag-receive descriptor 0x15551bdfcbd2 was not matched
[1784608737.053663] [xover-0002:2607850:0]       tag_match.c:62   UCX  WARN  unexpected tag-receive descriptor 0x15551bdfcbd2 was not matched
[1784608737.081224] [xover-0003:3432538:0]       tag_match.c:62   UCX  WARN  unexpected tag-receive descriptor 0x15551bdfcbd2 was not matched
[1784608737.081228] [xover-0003:3432491:0]       tag_match.c:62   UCX  WARN  unexpected tag-receive descriptor 0x15551bdfcbd2 was not matched
[1784608737.082210] [xover-0003:3432503:0]       tag_match.c:62   UCX  WARN  unexpected tag-receive descriptor 0x15551bdfcbd2 was not matched
[1784608737.082339] [xover-0003:3432534:0]       tag_match.c:62   UCX  WARN  unexpected tag-receive descriptor 0x15551bdfcbd2 was not matched
[1784608737.082472] [xover-0003:3432548:0]       tag_match.c:62   UCX  WARN  unexpected tag-receive descriptor 0x15551bdfcbd2 was not matched
[1784608737.083079] [xover-0003:3432553:0]       tag_match.c:62   UCX  WARN  unexpected tag-receive descriptor 0x15551bdfcbd2 was not matched
[1784608737.083325] [xover-0003:3432528:0]       tag_match.c:62   UCX  WARN  unexpected tag-receive descriptor 0x15551bdfcbd2 was not matched
[1784608737.083410] [xover-0003:3432517:0]       tag_match.c:62   UCX  WARN  unexpected tag-receive descriptor 0x15551bdfcbd2 was not matched
[1784608737.085006] [xover-0003:3432541:0]       tag_match.c:62   UCX  WARN  unexpected tag-receive descriptor 0x15551bdfcbd2 was not matched
[1784608737.085162] [xover-0003:3432513:0]       tag_match.c:62   UCX  WARN  unexpected tag-receive descriptor 0x15551bdfcbd2 was not matched
[1784608737.085287] [xover-0003:3432514:0]       tag_match.c:62   UCX  WARN  unexpected tag-receive descriptor 0x15551bdfcbd2 was not matched
[1784608737.085420] [xover-0003:3432499:0]       tag_match.c:62   UCX  WARN  unexpected tag-receive descriptor 0x15551bdfcbd2 was not matched
[1784608737.085486] [xover-0003:3432504:0]       tag_match.c:62   UCX  WARN  unexpected tag-receive descriptor 0x15551bdfcbd2 was not matched
[1784608737.085836] [xover-0003:3432543:0]       tag_match.c:62   UCX  WARN  unexpected tag-receive descriptor 0x15551bdfcbd2 was not matched
[1784608737.086089] [xover-0003:3432519:0]       tag_match.c:62   UCX  WARN  unexpected tag-receive descriptor 0x15551bdfcbd2 was not matched
[1784608737.086062] [xover-0003:3432547:0]       tag_match.c:62   UCX  WARN  unexpected tag-receive descriptor 0x15551bdfcbd2 was not matched
[1784608737.086074] [xover-0003:3432550:0]       tag_match.c:62   UCX  WARN  unexpected tag-receive descriptor 0x15551bdfcbd2 was not matched
[1784608737.086214] [xover-0003:3432501:0]       tag_match.c:62   UCX  WARN  unexpected tag-receive descriptor 0x15551bdfcbd2 was not matched
[1784608737.086547] [xover-0003:3432515:0]       tag_match.c:62   UCX  WARN  unexpected tag-receive descriptor 0x15551bdfcbd2 was not matched
[1784608737.086531] [xover-0003:3432524:0]       tag_match.c:62   UCX  WARN  unexpected tag-receive descriptor 0x15551bdfcbd2 was not matched
[1784608737.086548] [xover-0003:3432535:0]       tag_match.c:62   UCX  WARN  unexpected tag-receive descriptor 0x15551bdfcbd2 was not matched
[1784608737.086704] [xover-0003:3432525:0]       tag_match.c:62   UCX  WARN  unexpected tag-receive descriptor 0x15551bdfcbd2 was not matched
[1784608737.086728] [xover-0003:3432536:0]       tag_match.c:62   UCX  WARN  unexpected tag-receive descriptor 0x15551bdfcbd2 was not matched
[1784608737.086948] [xover-0003:3432544:0]       tag_match.c:62   UCX  WARN  unexpected tag-receive descriptor 0x15551bdfcbd2 was not matched
[1784608737.086978] [xover-0003:3432520:0]       tag_match.c:62   UCX  WARN  unexpected tag-receive descriptor 0x15551bdfcbd2 was not matched
[1784608737.087187] [xover-0003:3432532:0]       tag_match.c:62   UCX  WARN  unexpected tag-receive descriptor 0x15551bdfcbd2 was not matched
[1784608737.087164] [xover-0003:3432512:0]       tag_match.c:62   UCX  WARN  unexpected tag-receive descriptor 0x15551bdfcbd2 was not matched
[1784608737.087186] [xover-0003:3432511:0]       tag_match.c:62   UCX  WARN  unexpected tag-receive descriptor 0x15551bdfcbd2 was not matched
[1784608737.087139] [xover-0003:3432521:0]       tag_match.c:62   UCX  WARN  unexpected tag-receive descriptor 0x15551bdfcbd2 was not matched
[1784608737.087268] [xover-0003:3432496:0]       tag_match.c:62   UCX  WARN  unexpected tag-receive descriptor 0x15551bdfcbd2 was not matched
[1784608737.087263] [xover-0003:3432509:0]       tag_match.c:62   UCX  WARN  unexpected tag-receive descriptor 0x15551bdfcbd2 was not matched
[1784608737.087409] [xover-0003:3432490:0]       tag_match.c:62   UCX  WARN  unexpected tag-receive descriptor 0x15551bdfcbd2 was not matched
[1784608737.087828] [xover-0003:3432540:0]       tag_match.c:62   UCX  WARN  unexpected tag-receive descriptor 0x15551bdfcbd2 was not matched
[1784608737.087833] [xover-0003:3432516:0]       tag_match.c:62   UCX  WARN  unexpected tag-receive descriptor 0x15551bdfcbd2 was not matched
[1784608737.088227] [xover-0003:3432523:0]       tag_match.c:62   UCX  WARN  unexpected tag-receive descriptor 0x15551bdfcbd2 was not matched
[1784608737.088569] [xover-0003:3432537:0]       tag_match.c:62   UCX  WARN  unexpected tag-receive descriptor 0x15551bdfcbd2 was not matched
[1784608737.088688] [xover-0003:3432498:0]       tag_match.c:62   UCX  WARN  unexpected tag-receive descriptor 0x15551bdfcbd2 was not matched
[1784608737.088672] [xover-0003:3432510:0]       tag_match.c:62   UCX  WARN  unexpected tag-receive descriptor 0x15551bdfcbd2 was not matched
[1784608737.088837] [xover-0003:3432507:0]       tag_match.c:62   UCX  WARN  unexpected tag-receive descriptor 0x15551bdfcbd2 was not matched
[1784608737.088839] [xover-0003:3432518:0]       tag_match.c:62   UCX  WARN  unexpected tag-receive descriptor 0x15551bdfcbd2 was not matched
[1784608737.088904] [xover-0003:3432495:0]       tag_match.c:62   UCX  WARN  unexpected tag-receive descriptor 0x15551bdfcbd2 was not matched
[1784608737.088934] [xover-0003:3432530:0]       tag_match.c:62   UCX  WARN  unexpected tag-receive descriptor 0x15551bdfcbd2 was not matched
[1784608737.088956] [xover-0003:3432533:0]       tag_match.c:62   UCX  WARN  unexpected tag-receive descriptor 0x15551bdfcbd2 was not matched
[1784608737.089000] [xover-0003:3432549:0]       tag_match.c:62   UCX  WARN  unexpected tag-receive descriptor 0x15551bdfcbd2 was not matched
[1784608737.089514] [xover-0003:3432508:0]       tag_match.c:62   UCX  WARN  unexpected tag-receive descriptor 0x15551bdfcbd2 was not matched
[1784608737.089680] [xover-0003:3432500:0]       tag_match.c:62   UCX  WARN  unexpected tag-receive descriptor 0x15551bdfcbd2 was not matched
[1784608737.089776] [xover-0003:3432554:0]       tag_match.c:62   UCX  WARN  unexpected tag-receive descriptor 0x15551bdfcbd2 was not matched
[1784608737.089776] [xover-0003:3432506:0]       tag_match.c:62   UCX  WARN  unexpected tag-receive descriptor 0x15551bdfcbd2 was not matched
[1784608737.089771] [xover-0003:3432492:0]       tag_match.c:62   UCX  WARN  unexpected tag-receive descriptor 0x15551bdfcbd2 was not matched
[1784608737.089888] [xover-0003:3432529:0]       tag_match.c:62   UCX  WARN  unexpected tag-receive descriptor 0x15551bdfcbd2 was not matched
[1784608737.089946] [xover-0003:3432551:0]       tag_match.c:62   UCX  WARN  unexpected tag-receive descriptor 0x15551bdfcbd2 was not matched
[1784608737.090013] [xover-0003:3432542:0]       tag_match.c:62   UCX  WARN  unexpected tag-receive descriptor 0x15551bdfcbd2 was not matched
[1784608737.090102] [xover-0003:3432545:0]       tag_match.c:62   UCX  WARN  unexpected tag-receive descriptor 0x15551bdfcbd2 was not matched
[1784608737.090082] [xover-0003:3432546:0]       tag_match.c:62   UCX  WARN  unexpected tag-receive descriptor 0x15551bdfcbd2 was not matched
[1784608737.089975] [xover-0003:3432493:0]       tag_match.c:62   UCX  WARN  unexpected tag-receive descriptor 0x15551bdfcbd2 was not matched
[1784608737.090015] [xover-0003:3432505:0]       tag_match.c:62   UCX  WARN  unexpected tag-receive descriptor 0x15551bdfcbd2 was not matched
[1784608737.090050] [xover-0003:3432502:0]       tag_match.c:62   UCX  WARN  unexpected tag-receive descriptor 0x15551bdfcbd2 was not matched
[1784608737.090178] [xover-0003:3432539:0]       tag_match.c:62   UCX  WARN  unexpected tag-receive descriptor 0x15551bdfcbd2 was not matched
[1784608737.090239] [xover-0003:3432552:0]       tag_match.c:62   UCX  WARN  unexpected tag-receive descriptor 0x15551bdfcbd2 was not matched
[1784608737.090139] [xover-0003:3432494:0]       tag_match.c:62   UCX  WARN  unexpected tag-receive descriptor 0x15551bdfcbd2 was not matched
[1784608737.090449] [xover-0003:3432531:0]       tag_match.c:62   UCX  WARN  unexpected tag-receive descriptor 0x15551bdfcbd2 was not matched
[1784608737.090582] [xover-0003:3432497:0]       tag_match.c:62   UCX  WARN  unexpected tag-receive descriptor 0x15551bdfcbd2 was not matched
[1784608737.090622] [xover-0003:3432527:0]       tag_match.c:62   UCX  WARN  unexpected tag-receive descriptor 0x15551bdfcbd2 was not matched
[1784608737.090839] [xover-0003:3432522:0]       tag_match.c:62   UCX  WARN  unexpected tag-receive descriptor 0x15551bdfcbd2 was not matched
